2026-06-08 11:22:44,012 INFO [openevolve_sap.experiment] [scheduler] experiment_start {"gpu_ids": [0, 1, 2, 3], "output": "/home/ubuntu/evolve_SAP/openevolve_sap/output", "ram_limit_gb": 94.34094142913818, "system_ram_gb": 125.78792190551758, "meta_prompt_chars": 7479, "meta_prompt_path": "/home/ubuntu/evolve_SAP/openevolve_sap/prompts/evolution_system_message.md"}
2026-06-08 11:22:53,786 INFO [openevolve_sap.experiment] [worker_unknown] evaluation_started {"run_id": "1780906973_6a7fe458", "program_path": "/tmp/tmpkypexnut.py", "mode": "evaluation", "prompt_indices": null}
2026-06-08 11:31:52,433 INFO [openevolve_sap.experiment] [worker_unknown] evaluation_complete {"run_id": "1780906973_6a7fe458", "program_id": "tmpkypexnut", "alignment_score": 2.3333333333333335, "gemma_score": 1.0, "combined_score": 0.41333333333333333, "num_eval_prompts": 3}
2026-06-08 11:32:30,334 INFO [openevolve_sap.experiment] [worker_1] evaluation_started {"run_id": "1780907550_c950ed03", "program_path": "/tmp/tmpshh4tv6c.py", "mode": "evaluation", "prompt_indices": null}
2026-06-08 11:32:34,929 INFO [openevolve_sap.experiment] [worker_3] evaluation_started {"run_id": "1780907554_66a84348", "program_path": "/tmp/tmps0oziofp.py", "mode": "evaluation", "prompt_indices": null}
2026-06-08 11:32:42,493 INFO [openevolve_sap.experiment] [worker_0] evaluation_started {"run_id": "1780907562_d53d97a8", "program_path": "/tmp/tmp59yfbrxk.py", "mode": "evaluation", "prompt_indices": null}
2026-06-08 11:32:45,661 INFO [openevolve_sap.experiment] [worker_2] evaluation_started {"run_id": "1780907565_423c0f90", "program_path": "/tmp/tmpzqg80woz.py", "mode": "evaluation", "prompt_indices": null}
2026-06-08 11:39:21,569 INFO [openevolve_sap.experiment] [worker_3] evaluation_complete {"run_id": "1780907554_66a84348", "program_id": "tmps0oziofp", "alignment_score": 3.1666666666666665, "gemma_score": 1.0, "combined_score": 0.5466666666666667, "num_eval_prompts": 3}
2026-06-08 11:39:51,775 INFO [openevolve_sap.experiment] [worker_3] evaluation_started {"run_id": "1780907991_4144564d", "program_path": "/tmp/tmpfcteyo6x.py", "mode": "evaluation", "prompt_indices": null}
2026-06-08 11:40:25,737 INFO [openevolve_sap.experiment] [worker_2] evaluation_complete {"run_id": "1780907565_423c0f90", "program_id": "tmpzqg80woz", "alignment_score": 2.1666666666666665, "gemma_score": 1.0, "combined_score": 0.3866666666666667, "num_eval_prompts": 3}
2026-06-08 11:41:03,893 INFO [openevolve_sap.experiment] [worker_1] evaluation_complete {"run_id": "1780907550_c950ed03", "program_id": "tmpshh4tv6c", "alignment_score": 2.1666666666666665, "gemma_score": 5.0, "combined_score": 0.5466666666666666, "num_eval_prompts": 3}
2026-06-08 11:41:04,526 INFO [openevolve_sap.experiment] [worker_2] evaluation_started {"run_id": "1780908064_0e561b20", "program_path": "/tmp/tmpv_278hol.py", "mode": "evaluation", "prompt_indices": null}
2026-06-08 11:41:26,576 INFO [openevolve_sap.experiment] [worker_0] evaluation_complete {"run_id": "1780907562_d53d97a8", "program_id": "tmp59yfbrxk", "alignment_score": 2.8333333333333335, "gemma_score": 1.0, "combined_score": 0.4933333333333334, "num_eval_prompts": 3}
2026-06-08 11:41:42,293 INFO [openevolve_sap.experiment] [worker_1] evaluation_started {"run_id": "1780908102_64852224", "program_path": "/tmp/tmptvwz4pdj.py", "mode": "evaluation", "prompt_indices": null}
2026-06-08 11:42:14,515 INFO [openevolve_sap.experiment] [worker_0] evaluation_started {"run_id": "1780908134_f01c8b71", "program_path": "/tmp/tmpzhm9eihi.py", "mode": "evaluation", "prompt_indices": null}
2026-06-08 11:48:25,612 INFO [openevolve_sap.experiment] [worker_3] evaluation_complete {"run_id": "1780907991_4144564d", "program_id": "tmpfcteyo6x", "alignment_score": 2.8333333333333335, "gemma_score": 1.0, "combined_score": 0.4933333333333334, "num_eval_prompts": 3}
2026-06-08 11:48:55,129 INFO [openevolve_sap.experiment] [worker_0] evaluation_complete {"run_id": "1780908134_f01c8b71", "program_id": "tmpzhm9eihi", "alignment_score": 2.8333333333333335, "gemma_score": 1.0, "combined_score": 0.4933333333333334, "num_eval_prompts": 3}
2026-06-08 11:49:14,531 INFO [openevolve_sap.experiment] [worker_3] evaluation_started {"run_id": "1780908554_76250623", "program_path": "/tmp/tmp1vgl84oj.py", "mode": "evaluation", "prompt_indices": null}
2026-06-08 11:49:32,811 INFO [openevolve_sap.experiment] [worker_0] evaluation_started {"run_id": "1780908572_2b73c7b7", "program_path": "/tmp/tmpx3dqvkes.py", "mode": "evaluation", "prompt_indices": null}
2026-06-08 11:49:58,027 INFO [openevolve_sap.experiment] [worker_2] evaluation_complete {"run_id": "1780908064_0e561b20", "program_id": "tmpv_278hol", "alignment_score": 2.3333333333333335, "gemma_score": 1.0, "combined_score": 0.41333333333333333, "num_eval_prompts": 3}
2026-06-08 11:50:31,407 INFO [openevolve_sap.experiment] [worker_1] evaluation_complete {"run_id": "1780908102_64852224", "program_id": "tmptvwz4pdj", "alignment_score": 2.5, "gemma_score": 1.0, "combined_score": 0.44000000000000006, "num_eval_prompts": 3}
2026-06-08 11:50:40,936 INFO [openevolve_sap.experiment] [worker_2] evaluation_started {"run_id": "1780908640_91c6c90d", "program_path": "/tmp/tmprt0jxrls.py", "mode": "evaluation", "prompt_indices": null}
2026-06-08 11:50:55,910 INFO [openevolve_sap.experiment] [worker_1] evaluation_started {"run_id": "1780908655_fb1a4b66", "program_path": "/tmp/tmpqur2m_su.py", "mode": "evaluation", "prompt_indices": null}
2026-06-08 11:56:02,622 INFO [openevolve_sap.experiment] [worker_0] evaluation_complete {"run_id": "1780908572_2b73c7b7", "program_id": "tmpx3dqvkes", "alignment_score": 2.5, "gemma_score": 1.0, "combined_score": 0.44000000000000006, "num_eval_prompts": 3}
2026-06-08 11:56:44,095 INFO [openevolve_sap.experiment] [worker_0] evaluation_started {"run_id": "1780909004_0a2195ea", "program_path": "/tmp/tmpuv0z5ttw.py", "mode": "evaluation", "prompt_indices": null}
2026-06-08 11:56:52,121 INFO [openevolve_sap.experiment] [worker_3] evaluation_complete {"run_id": "1780908554_76250623", "program_id": "tmp1vgl84oj", "alignment_score": 2.5, "gemma_score": 1.0, "combined_score": 0.44000000000000006, "num_eval_prompts": 3}
2026-06-08 11:57:34,998 INFO [openevolve_sap.experiment] [worker_3] evaluation_started {"run_id": "1780909054_950d1a98", "program_path": "/tmp/tmpsek1bko5.py", "mode": "evaluation", "prompt_indices": null}
2026-06-08 11:58:14,242 INFO [openevolve_sap.experiment] [worker_2] evaluation_complete {"run_id": "1780908640_91c6c90d", "program_id": "tmprt0jxrls", "alignment_score": 2.5, "gemma_score": 1.0, "combined_score": 0.44000000000000006, "num_eval_prompts": 3}
2026-06-08 11:58:54,093 INFO [openevolve_sap.experiment] [worker_2] evaluation_started {"run_id": "1780909134_d4108039", "program_path": "/tmp/tmpewzdaqri.py", "mode": "evaluation", "prompt_indices": null}
2026-06-08 11:59:13,217 INFO [openevolve_sap.experiment] [worker_1] evaluation_complete {"run_id": "1780908655_fb1a4b66", "program_id": "tmpqur2m_su", "alignment_score": 2.6666666666666665, "gemma_score": 1.0, "combined_score": 0.4666666666666667, "num_eval_prompts": 3}
2026-06-08 12:00:08,041 INFO [openevolve_sap.experiment] [worker_1] evaluation_started {"run_id": "1780909208_30b6b92e", "program_path": "/tmp/tmp1oz14g8u.py", "mode": "evaluation", "prompt_indices": null}
2026-06-08 12:02:58,795 INFO [openevolve_sap.experiment] [worker_0] evaluation_complete {"run_id": "1780909004_0a2195ea", "program_id": "tmpuv0z5ttw", "alignment_score": 2.3333333333333335, "gemma_score": 5.0, "combined_score": 0.5733333333333334, "num_eval_prompts": 3}
2026-06-08 12:03:29,434 INFO [openevolve_sap.experiment] [worker_3] evaluation_complete {"run_id": "1780909054_950d1a98", "program_id": "tmpsek1bko5", "alignment_score": 2.3333333333333335, "gemma_score": 1.0, "combined_score": 0.41333333333333333, "num_eval_prompts": 3}
2026-06-08 12:03:51,093 INFO [openevolve_sap.experiment] [worker_0] evaluation_started {"run_id": "1780909431_2aadea0f", "program_path": "/tmp/tmpw8hh0ezf.py", "mode": "evaluation", "prompt_indices": null}
2026-06-08 12:04:08,871 INFO [openevolve_sap.experiment] [worker_3] evaluation_started {"run_id": "1780909448_09381ddf", "program_path": "/tmp/tmput11kvx1.py", "mode": "evaluation", "prompt_indices": null}
2026-06-08 12:05:47,873 INFO [openevolve_sap.experiment] [worker_2] evaluation_complete {"run_id": "1780909134_d4108039", "program_id": "tmpewzdaqri", "alignment_score": 2.1666666666666665, "gemma_score": 1.0, "combined_score": 0.3866666666666667, "num_eval_prompts": 3}
2026-06-08 12:06:46,171 INFO [openevolve_sap.experiment] [worker_2] evaluation_started {"run_id": "1780909606_e7c08c47", "program_path": "/tmp/tmpp53q0wng.py", "mode": "evaluation", "prompt_indices": null}
2026-06-08 12:08:08,067 INFO [openevolve_sap.experiment] [worker_1] evaluation_complete {"run_id": "1780909208_30b6b92e", "program_id": "tmp1oz14g8u", "alignment_score": 2.8333333333333335, "gemma_score": 1.0, "combined_score": 0.4933333333333334, "num_eval_prompts": 3}
2026-06-08 12:08:39,147 INFO [openevolve_sap.experiment] [worker_1] evaluation_started {"run_id": "1780909719_9056e17e", "program_path": "/tmp/tmp6lz3hprd.py", "mode": "evaluation", "prompt_indices": null}
2026-06-08 12:14:34,341 INFO [openevolve_sap.experiment] [worker_4] evaluation_started {"run_id": "1780910074_a3196ba4", "program_path": "/tmp/tmpmpud7d__.py", "mode": "evaluation", "prompt_indices": null}
2026-06-08 12:14:36,351 INFO [openevolve_sap.experiment] [worker_11] evaluation_started {"run_id": "1780910076_7cc3d94b", "program_path": "/tmp/tmpz50th6ey.py", "mode": "evaluation", "prompt_indices": null}
2026-06-08 12:14:39,391 INFO [openevolve_sap.experiment] [worker_5] evaluation_started {"run_id": "1780910079_721d06f2", "program_path": "/tmp/tmp1hp9dbvo.py", "mode": "evaluation", "prompt_indices": null}
2026-06-08 12:14:39,988 INFO [openevolve_sap.experiment] [worker_7] evaluation_started {"run_id": "1780910079_1467481b", "program_path": "/tmp/tmp9195rrgy.py", "mode": "evaluation", "prompt_indices": null}
2026-06-08 12:14:45,036 INFO [openevolve_sap.experiment] [worker_10] evaluation_started {"run_id": "1780910085_a0b4361e", "program_path": "/tmp/tmpea082iss.py", "mode": "evaluation", "prompt_indices": null}
2026-06-08 12:14:45,931 INFO [openevolve_sap.experiment] [worker_6] evaluation_started {"run_id": "1780910085_b220fd8c", "program_path": "/tmp/tmpfbgtraiq.py", "mode": "evaluation", "prompt_indices": null}
2026-06-08 12:14:47,348 INFO [openevolve_sap.experiment] [worker_8] evaluation_started {"run_id": "1780910087_4326ba8b", "program_path": "/tmp/tmpugddluos.py", "mode": "evaluation", "prompt_indices": null}
2026-06-08 12:15:39,670 INFO [openevolve_sap.experiment] [worker_12] evaluation_started {"run_id": "1780910139_4e86531f", "program_path": "/tmp/tmpxfy7dtxv.py", "mode": "evaluation", "prompt_indices": null}
2026-06-08 12:22:50,099 INFO [openevolve_sap.experiment] [worker_6] evaluation_complete {"run_id": "1780910085_b220fd8c", "program_id": "tmpfbgtraiq", "alignment_score": 3.1666666666666665, "gemma_score": 1.0, "combined_score": 0.5466666666666667, "num_eval_prompts": 3}
2026-06-08 12:23:18,704 INFO [openevolve_sap.experiment] [worker_11] evaluation_complete {"run_id": "1780910076_7cc3d94b", "program_id": "tmpz50th6ey", "alignment_score": 2.3333333333333335, "gemma_score": 1.0, "combined_score": 0.41333333333333333, "num_eval_prompts": 3}
2026-06-08 12:24:04,003 INFO [openevolve_sap.experiment] [worker_10] evaluation_complete {"run_id": "1780910085_a0b4361e", "program_id": "tmpea082iss", "alignment_score": 2.6666666666666665, "gemma_score": 5.0, "combined_score": 0.6266666666666667, "num_eval_prompts": 3}
2026-06-08 12:25:16,318 INFO [openevolve_sap.experiment] [worker_7] evaluation_complete {"run_id": "1780910079_1467481b", "program_id": "tmp9195rrgy", "alignment_score": 2.6666666666666665, "gemma_score": 1.0, "combined_score": 0.4666666666666667, "num_eval_prompts": 3}
2026-06-08 12:26:05,669 INFO [openevolve_sap.experiment] [worker_4] evaluation_complete {"run_id": "1780910074_a3196ba4", "program_id": "tmpmpud7d__", "alignment_score": 2.3333333333333335, "gemma_score": 5.0, "combined_score": 0.5733333333333334, "num_eval_prompts": 3}
2026-06-08 12:27:11,560 INFO [openevolve_sap.experiment] [worker_12] evaluation_complete {"run_id": "1780910139_4e86531f", "program_id": "tmpxfy7dtxv", "alignment_score": 2.6666666666666665, "gemma_score": 1.0, "combined_score": 0.4666666666666667, "num_eval_prompts": 3}
2026-06-08 12:27:52,730 INFO [openevolve_sap.experiment] [worker_8] evaluation_complete {"run_id": "1780910087_4326ba8b", "program_id": "tmpugddluos", "alignment_score": 3.0, "gemma_score": 1.0, "combined_score": 0.52, "num_eval_prompts": 3}
2026-06-08 13:20:00,503 INFO [openevolve_sap.experiment] [scheduler] experiment_start {"gpu_ids": [0, 1, 2, 3], "output": "/home/ubuntu/evolve_SAP/openevolve_sap/output", "ram_limit_gb": 94.34094142913818, "system_ram_gb": 125.78792190551758, "meta_prompt_chars": 7479, "meta_prompt_path": "/home/ubuntu/evolve_SAP/openevolve_sap/prompts/evolution_system_message.md"}
2026-06-08 13:20:13,300 INFO [openevolve_sap.experiment] [scheduler] checkpoint_loaded {"path": "openevolve_sap/output/checkpoints/checkpoint_15"}
2026-06-08 13:20:51,124 INFO [openevolve_sap.experiment] [worker_3] evaluation_started {"run_id": "1780914051_83992f6c", "program_path": "/tmp/tmpjf_n4obr.py", "mode": "evaluation", "prompt_indices": null}
2026-06-08 13:20:52,180 INFO [openevolve_sap.experiment] [worker_2] evaluation_started {"run_id": "1780914052_1efdebde", "program_path": "/tmp/tmpwi3p06ow.py", "mode": "evaluation", "prompt_indices": null}
2026-06-08 13:21:14,755 INFO [openevolve_sap.experiment] [worker_1] evaluation_started {"run_id": "1780914074_9a581e1c", "program_path": "/tmp/tmpwxuqg469.py", "mode": "evaluation", "prompt_indices": null}
2026-06-08 13:21:16,776 INFO [openevolve_sap.experiment] [worker_0] evaluation_started {"run_id": "1780914076_2e0f7ecb", "program_path": "/tmp/tmp2w82no7e.py", "mode": "evaluation", "prompt_indices": null}
2026-06-08 13:28:55,318 INFO [openevolve_sap.experiment] [worker_3] evaluation_complete {"run_id": "1780914051_83992f6c", "program_id": "tmpjf_n4obr", "alignment_score": 2.1666666666666665, "gemma_score": 1.0, "combined_score": 0.3866666666666667, "num_eval_prompts": 3}
2026-06-08 13:29:19,254 INFO [openevolve_sap.experiment] [worker_0] evaluation_complete {"run_id": "1780914076_2e0f7ecb", "program_id": "tmp2w82no7e", "alignment_score": 1.6666666666666667, "gemma_score": 1.0, "combined_score": 0.30666666666666675, "num_eval_prompts": 3}
2026-06-08 13:29:35,795 INFO [openevolve_sap.experiment] [worker_2] evaluation_complete {"run_id": "1780914052_1efdebde", "program_id": "tmpwi3p06ow", "alignment_score": 1.6666666666666667, "gemma_score": 1.0, "combined_score": 0.30666666666666675, "num_eval_prompts": 3}
2026-06-08 13:29:37,204 INFO [openevolve_sap.experiment] [worker_3] evaluation_started {"run_id": "1780914577_5ae952c9", "program_path": "/tmp/tmpeqa85lhh.py", "mode": "evaluation", "prompt_indices": null}
2026-06-08 13:29:43,053 INFO [openevolve_sap.experiment] [worker_1] evaluation_complete {"run_id": "1780914074_9a581e1c", "program_id": "tmpwxuqg469", "alignment_score": 2.8333333333333335, "gemma_score": 1.0, "combined_score": 0.4933333333333334, "num_eval_prompts": 3}
2026-06-08 13:29:54,058 INFO [openevolve_sap.experiment] [worker_0] evaluation_started {"run_id": "1780914594_efcf83d7", "program_path": "/tmp/tmpo2jrizu1.py", "mode": "evaluation", "prompt_indices": null}
2026-06-08 13:30:27,065 INFO [openevolve_sap.experiment] [worker_1] evaluation_started {"run_id": "1780914627_e920360e", "program_path": "/tmp/tmpzdmwbbuj.py", "mode": "evaluation", "prompt_indices": null}
2026-06-08 13:30:34,063 INFO [openevolve_sap.experiment] [worker_2] evaluation_started {"run_id": "1780914634_15164b44", "program_path": "/tmp/tmpk5wlzm9j.py", "mode": "evaluation", "prompt_indices": null}
2026-06-08 13:36:23,649 INFO [openevolve_sap.experiment] [worker_2] evaluation_complete {"run_id": "1780914634_15164b44", "program_id": "tmpk5wlzm9j", "alignment_score": 2.5, "gemma_score": 1.0, "combined_score": 0.44000000000000006, "num_eval_prompts": 3}
2026-06-08 13:37:19,389 INFO [openevolve_sap.experiment] [worker_2] evaluation_started {"run_id": "1780915039_695a4efd", "program_path": "/tmp/tmp4mb8uhct.py", "mode": "evaluation", "prompt_indices": null}
2026-06-08 13:37:46,645 INFO [openevolve_sap.experiment] [worker_0] evaluation_complete {"run_id": "1780914594_efcf83d7", "program_id": "tmpo2jrizu1", "alignment_score": 2.5, "gemma_score": 1.0, "combined_score": 0.44000000000000006, "num_eval_prompts": 3}
2026-06-08 13:37:57,363 INFO [openevolve_sap.experiment] [worker_3] evaluation_complete {"run_id": "1780914577_5ae952c9", "program_id": "tmpeqa85lhh", "alignment_score": 2.5, "gemma_score": 1.0, "combined_score": 0.44000000000000006, "num_eval_prompts": 3}
2026-06-08 13:38:34,111 INFO [openevolve_sap.experiment] [worker_0] evaluation_started {"run_id": "1780915114_ce665814", "program_path": "/tmp/tmpd0wtktzm.py", "mode": "evaluation", "prompt_indices": null}
2026-06-08 13:38:37,948 INFO [openevolve_sap.experiment] [worker_3] evaluation_started {"run_id": "1780915117_8bd9f5ca", "program_path": "/tmp/tmpxo9ixwnp.py", "mode": "evaluation", "prompt_indices": null}
2026-06-08 13:39:00,263 INFO [openevolve_sap.experiment] [worker_1] evaluation_complete {"run_id": "1780914627_e920360e", "program_id": "tmpzdmwbbuj", "alignment_score": 2.5, "gemma_score": 1.0, "combined_score": 0.44000000000000006, "num_eval_prompts": 3}
2026-06-08 13:39:36,333 INFO [openevolve_sap.experiment] [worker_1] evaluation_started {"run_id": "1780915176_08240617", "program_path": "/tmp/tmp73f55cys.py", "mode": "evaluation", "prompt_indices": null}
2026-06-08 13:44:56,102 INFO [openevolve_sap.experiment] [worker_0] evaluation_complete {"run_id": "1780915114_ce665814", "program_id": "tmpd0wtktzm", "alignment_score": 2.6666666666666665, "gemma_score": 1.0, "combined_score": 0.4666666666666667, "num_eval_prompts": 3}
2026-06-08 13:45:08,723 INFO [openevolve_sap.experiment] [worker_3] evaluation_complete {"run_id": "1780915117_8bd9f5ca", "program_id": "tmpxo9ixwnp", "alignment_score": 2.0, "gemma_score": 5.0, "combined_score": 0.52, "num_eval_prompts": 3}
2026-06-08 13:45:13,821 INFO [openevolve_sap.experiment] [worker_2] evaluation_complete {"run_id": "1780915039_695a4efd", "program_id": "tmp4mb8uhct", "alignment_score": 2.8333333333333335, "gemma_score": 1.0, "combined_score": 0.4933333333333334, "num_eval_prompts": 3}
2026-06-08 13:45:31,578 INFO [openevolve_sap.experiment] [worker_0] evaluation_started {"run_id": "1780915531_bbc13231", "program_path": "/tmp/tmpe0l18ko6.py", "mode": "evaluation", "prompt_indices": null}
2026-06-08 13:46:00,869 INFO [openevolve_sap.experiment] [worker_3] evaluation_started {"run_id": "1780915560_78a3f663", "program_path": "/tmp/tmppbzwyhtv.py", "mode": "evaluation", "prompt_indices": null}
2026-06-08 13:46:22,432 INFO [openevolve_sap.experiment] [worker_1] evaluation_complete {"run_id": "1780915176_08240617", "program_id": "tmp73f55cys", "alignment_score": 2.6666666666666665, "gemma_score": 1.0, "combined_score": 0.4666666666666667, "num_eval_prompts": 3}
2026-06-08 13:47:01,429 INFO [openevolve_sap.experiment] [worker_2] evaluation_started {"run_id": "1780915621_573eed48", "program_path": "/tmp/tmp5nhems93.py", "mode": "evaluation", "prompt_indices": null}
2026-06-08 13:47:11,880 INFO [openevolve_sap.experiment] [worker_1] evaluation_started {"run_id": "1780915631_fced56e8", "program_path": "/tmp/tmpp886a7f3.py", "mode": "evaluation", "prompt_indices": null}
2026-06-08 13:52:47,086 INFO [openevolve_sap.experiment] [worker_0] evaluation_complete {"run_id": "1780915531_bbc13231", "program_id": "tmpe0l18ko6", "alignment_score": 2.0, "gemma_score": 1.0, "combined_score": 0.3600000000000001, "num_eval_prompts": 3}
2026-06-08 13:53:33,243 INFO [openevolve_sap.experiment] [worker_0] evaluation_started {"run_id": "1780916013_23e6042b", "program_path": "/tmp/tmp9q08_yhe.py", "mode": "evaluation", "prompt_indices": null}
2026-06-08 13:54:08,627 INFO [openevolve_sap.experiment] [worker_1] evaluation_complete {"run_id": "1780915631_fced56e8", "program_id": "tmpp886a7f3", "alignment_score": 2.8333333333333335, "gemma_score": 1.0, "combined_score": 0.4933333333333334, "num_eval_prompts": 3}
2026-06-08 13:54:15,713 INFO [openevolve_sap.experiment] [worker_3] evaluation_complete {"run_id": "1780915560_78a3f663", "program_id": "tmppbzwyhtv", "alignment_score": 2.5, "gemma_score": 1.0, "combined_score": 0.44000000000000006, "num_eval_prompts": 3}
2026-06-08 13:54:40,843 INFO [openevolve_sap.experiment] [worker_2] evaluation_complete {"run_id": "1780915621_573eed48", "program_id": "tmp5nhems93", "alignment_score": 2.1666666666666665, "gemma_score": 1.0, "combined_score": 0.3866666666666667, "num_eval_prompts": 3}
2026-06-08 13:54:57,896 INFO [openevolve_sap.experiment] [worker_1] evaluation_started {"run_id": "1780916097_8b34feef", "program_path": "/tmp/tmptt8iq_cw.py", "mode": "evaluation", "prompt_indices": null}
2026-06-08 13:55:30,540 INFO [openevolve_sap.experiment] [worker_2] evaluation_started {"run_id": "1780916130_9f8e1339", "program_path": "/tmp/tmpk0ssyo4s.py", "mode": "evaluation", "prompt_indices": null}
2026-06-08 13:56:03,023 INFO [openevolve_sap.experiment] [worker_3] evaluation_started {"run_id": "1780916163_315881fa", "program_path": "/tmp/tmpp6_9ira2.py", "mode": "evaluation", "prompt_indices": null}
2026-06-08 14:01:55,520 INFO [openevolve_sap.experiment] [worker_1] evaluation_complete {"run_id": "1780916097_8b34feef", "program_id": "tmptt8iq_cw", "alignment_score": 2.1666666666666665, "gemma_score": 5.0, "combined_score": 0.5466666666666666, "num_eval_prompts": 3}
2026-06-08 14:02:00,277 INFO [openevolve_sap.experiment] [worker_0] evaluation_complete {"run_id": "1780916013_23e6042b", "program_id": "tmp9q08_yhe", "alignment_score": 2.1666666666666665, "gemma_score": 1.0, "combined_score": 0.3866666666666667, "num_eval_prompts": 3}
2026-06-08 14:02:29,727 INFO [openevolve_sap.experiment] [worker_0] evaluation_started {"run_id": "1780916549_650d3ac1", "program_path": "/tmp/tmp47n4pvt3.py", "mode": "evaluation", "prompt_indices": null}
2026-06-08 14:02:46,889 INFO [openevolve_sap.experiment] [worker_1] evaluation_started {"run_id": "1780916566_fc10d260", "program_path": "/tmp/tmp0ecg2zgd.py", "mode": "evaluation", "prompt_indices": null}
2026-06-08 14:03:57,000 INFO [openevolve_sap.experiment] [worker_2] evaluation_complete {"run_id": "1780916130_9f8e1339", "program_id": "tmpk0ssyo4s", "alignment_score": 1.8333333333333333, "gemma_score": 1.0, "combined_score": 0.33333333333333337, "num_eval_prompts": 3}
2026-06-08 14:04:33,900 INFO [openevolve_sap.experiment] [worker_2] evaluation_started {"run_id": "1780916673_66ecf7b1", "program_path": "/tmp/tmp8nvv9jbs.py", "mode": "evaluation", "prompt_indices": null}
2026-06-08 14:10:01,752 INFO [openevolve_sap.experiment] [worker_0] evaluation_complete {"run_id": "1780916549_650d3ac1", "program_id": "tmp47n4pvt3", "alignment_score": 2.8333333333333335, "gemma_score": 1.0, "combined_score": 0.4933333333333334, "num_eval_prompts": 3}
2026-06-08 14:10:42,975 INFO [openevolve_sap.experiment] [worker_0] evaluation_started {"run_id": "1780917042_dbf62e97", "program_path": "/tmp/tmpc10od42r.py", "mode": "evaluation", "prompt_indices": null}
2026-06-08 14:11:21,712 INFO [openevolve_sap.experiment] [worker_2] evaluation_complete {"run_id": "1780916673_66ecf7b1", "program_id": "tmp8nvv9jbs", "alignment_score": 2.0, "gemma_score": 1.0, "combined_score": 0.3600000000000001, "num_eval_prompts": 3}
2026-06-08 14:12:18,800 INFO [openevolve_sap.experiment] [worker_2] evaluation_started {"run_id": "1780917138_df630246", "program_path": "/tmp/tmp_amgy37o.py", "mode": "evaluation", "prompt_indices": null}
2026-06-08 14:13:16,365 INFO [openevolve_sap.experiment] [worker_1] evaluation_complete {"run_id": "1780916566_fc10d260", "program_id": "tmp0ecg2zgd", "alignment_score": 2.8333333333333335, "gemma_score": 1.0, "combined_score": 0.4933333333333334, "num_eval_prompts": 3}
2026-06-08 14:13:28,803 INFO [openevolve_sap.experiment] [worker_3] evaluation_complete {"run_id": "1780916163_315881fa", "program_id": "tmpp6_9ira2", "alignment_score": 3.6666666666666665, "gemma_score": 1.0, "combined_score": 0.6266666666666667, "num_eval_prompts": 3}
2026-06-08 14:14:09,178 INFO [openevolve_sap.experiment] [worker_1] evaluation_started {"run_id": "1780917249_2c2fdcf7", "program_path": "/tmp/tmpvqzt9mpt.py", "mode": "evaluation", "prompt_indices": null}
2026-06-08 14:14:28,668 INFO [openevolve_sap.experiment] [worker_3] evaluation_started {"run_id": "1780917268_10714dc7", "program_path": "/tmp/tmp6g6cnu8m.py", "mode": "evaluation", "prompt_indices": null}
2026-06-08 14:18:03,115 INFO [openevolve_sap.experiment] [worker_0] evaluation_complete {"run_id": "1780917042_dbf62e97", "program_id": "tmpc10od42r", "alignment_score": 2.1666666666666665, "gemma_score": 1.0, "combined_score": 0.3866666666666667, "num_eval_prompts": 3}
2026-06-08 14:18:55,317 INFO [openevolve_sap.experiment] [worker_0] evaluation_started {"run_id": "1780917535_3e970daf", "program_path": "/tmp/tmp5vjq3ua_.py", "mode": "evaluation", "prompt_indices": null}
2026-06-08 14:21:12,658 INFO [openevolve_sap.experiment] [worker_2] evaluation_complete {"run_id": "1780917138_df630246", "program_id": "tmp_amgy37o", "alignment_score": 2.3333333333333335, "gemma_score": 1.0, "combined_score": 0.41333333333333333, "num_eval_prompts": 3}
2026-06-08 14:21:47,123 INFO [openevolve_sap.experiment] [worker_2] evaluation_started {"run_id": "1780917707_af38caf9", "program_path": "/tmp/tmplici59il.py", "mode": "evaluation", "prompt_indices": null}
2026-06-08 14:23:33,629 INFO [openevolve_sap.experiment] [worker_1] evaluation_complete {"run_id": "1780917249_2c2fdcf7", "program_id": "tmpvqzt9mpt", "alignment_score": 3.0, "gemma_score": 1.0, "combined_score": 0.52, "num_eval_prompts": 3}
2026-06-08 14:24:32,737 INFO [openevolve_sap.experiment] [worker_3] evaluation_complete {"run_id": "1780917268_10714dc7", "program_id": "tmp6g6cnu8m", "alignment_score": 2.0, "gemma_score": 1.0, "combined_score": 0.3600000000000001, "num_eval_prompts": 3}
2026-06-08 14:25:36,703 INFO [openevolve_sap.experiment] [worker_3] evaluation_started {"run_id": "1780917936_5029908d", "program_path": "/tmp/tmpv8m1da_a.py", "mode": "evaluation", "prompt_indices": null}
2026-06-08 14:25:50,184 INFO [openevolve_sap.experiment] [worker_1] evaluation_started {"run_id": "1780917950_6d5b123e", "program_path": "/tmp/tmpdz48whke.py", "mode": "evaluation", "prompt_indices": null}
2026-06-08 14:29:17,068 INFO [openevolve_sap.experiment] [worker_0] evaluation_complete {"run_id": "1780917535_3e970daf", "program_id": "tmp5vjq3ua_", "alignment_score": 2.6666666666666665, "gemma_score": 1.0, "combined_score": 0.4666666666666667, "num_eval_prompts": 3}
2026-06-08 14:29:55,374 INFO [openevolve_sap.experiment] [worker_0] evaluation_started {"run_id": "1780918195_29bbdbb7", "program_path": "/tmp/tmpavt66k_y.py", "mode": "evaluation", "prompt_indices": null}
2026-06-08 14:33:28,960 INFO [openevolve_sap.experiment] [worker_2] evaluation_complete {"run_id": "1780917707_af38caf9", "program_id": "tmplici59il", "alignment_score": 2.3333333333333335, "gemma_score": 5.0, "combined_score": 0.5733333333333334, "num_eval_prompts": 3}
2026-06-08 14:34:08,761 INFO [openevolve_sap.experiment] [worker_2] evaluation_started {"run_id": "1780918448_3138a1f6", "program_path": "/tmp/tmpv9nh4g1a.py", "mode": "evaluation", "prompt_indices": null}
2026-06-08 14:36:00,421 INFO [openevolve_sap.experiment] [worker_3] evaluation_complete {"run_id": "1780917936_5029908d", "program_id": "tmpv8m1da_a", "alignment_score": 2.0, "gemma_score": 1.0, "combined_score": 0.3600000000000001, "num_eval_prompts": 3}
2026-06-08 14:36:12,574 INFO [openevolve_sap.experiment] [worker_1] evaluation_complete {"run_id": "1780917950_6d5b123e", "program_id": "tmpdz48whke", "alignment_score": 1.8333333333333333, "gemma_score": 5.0, "combined_score": 0.49333333333333335, "num_eval_prompts": 3}
2026-06-08 14:36:32,385 INFO [openevolve_sap.experiment] [worker_0] evaluation_complete {"run_id": "1780918195_29bbdbb7", "program_id": "tmpavt66k_y", "alignment_score": 2.5, "gemma_score": 1.0, "combined_score": 0.44000000000000006, "num_eval_prompts": 3}
2026-06-08 14:36:42,988 INFO [openevolve_sap.experiment] [worker_3] evaluation_started {"run_id": "1780918602_c0a3e41a", "program_path": "/tmp/tmpbtd02x7e.py", "mode": "evaluation", "prompt_indices": null}
2026-06-08 14:37:30,880 INFO [openevolve_sap.experiment] [worker_0] evaluation_started {"run_id": "1780918650_746c33fc", "program_path": "/tmp/tmp319evr7k.py", "mode": "evaluation", "prompt_indices": null}
2026-06-08 14:37:59,298 INFO [openevolve_sap.experiment] [worker_1] evaluation_started {"run_id": "1780918679_ead46797", "program_path": "/tmp/tmp9y08a4ks.py", "mode": "evaluation", "prompt_indices": null}
2026-06-08 14:42:57,467 INFO [openevolve_sap.experiment] [worker_2] evaluation_complete {"run_id": "1780918448_3138a1f6", "program_id": "tmpv9nh4g1a", "alignment_score": 1.8333333333333333, "gemma_score": 1.0, "combined_score": 0.33333333333333337, "num_eval_prompts": 3}
2026-06-08 14:43:27,657 INFO [openevolve_sap.experiment] [worker_0] evaluation_complete {"run_id": "1780918650_746c33fc", "program_id": "tmp319evr7k", "alignment_score": 2.6666666666666665, "gemma_score": 1.0, "combined_score": 0.4666666666666667, "num_eval_prompts": 3}
2026-06-08 14:43:43,494 INFO [openevolve_sap.experiment] [worker_2] evaluation_started {"run_id": "1780919023_65192ab9", "program_path": "/tmp/tmp_ao_nxjo.py", "mode": "evaluation", "prompt_indices": null}
2026-06-08 14:43:57,651 INFO [openevolve_sap.experiment] [worker_3] evaluation_complete {"run_id": "1780918602_c0a3e41a", "program_id": "tmpbtd02x7e", "alignment_score": 2.1666666666666665, "gemma_score": 1.0, "combined_score": 0.3866666666666667, "num_eval_prompts": 3}
2026-06-08 14:44:02,947 INFO [openevolve_sap.experiment] [worker_0] evaluation_started {"run_id": "1780919042_0183ba28", "program_path": "/tmp/tmpc_0s25b9.py", "mode": "evaluation", "prompt_indices": null}
2026-06-08 14:44:33,752 INFO [openevolve_sap.experiment] [worker_3] evaluation_started {"run_id": "1780919073_8af91ea3", "program_path": "/tmp/tmpwfl68urn.py", "mode": "evaluation", "prompt_indices": null}
2026-06-08 14:48:27,642 INFO [openevolve_sap.experiment] [worker_1] evaluation_complete {"run_id": "1780918679_ead46797", "program_id": "tmp9y08a4ks", "alignment_score": 2.0, "gemma_score": 1.0, "combined_score": 0.3600000000000001, "num_eval_prompts": 3}
2026-06-08 14:49:14,487 INFO [openevolve_sap.experiment] [worker_1] evaluation_started {"run_id": "1780919354_7bdf9ab2", "program_path": "/tmp/tmplfrcm37p.py", "mode": "evaluation", "prompt_indices": null}
2026-06-08 14:50:50,529 INFO [openevolve_sap.experiment] [worker_0] evaluation_complete {"run_id": "1780919042_0183ba28", "program_id": "tmpc_0s25b9", "alignment_score": 3.0, "gemma_score": 1.0, "combined_score": 0.52, "num_eval_prompts": 3}
2026-06-08 14:51:22,852 INFO [openevolve_sap.experiment] [worker_0] evaluation_started {"run_id": "1780919482_380d07f9", "program_path": "/tmp/tmpq22kw2t_.py", "mode": "evaluation", "prompt_indices": null}
2026-06-08 14:52:33,940 INFO [openevolve_sap.experiment] [worker_3] evaluation_complete {"run_id": "1780919073_8af91ea3", "program_id": "tmpwfl68urn", "alignment_score": 1.8333333333333333, "gemma_score": 1.0, "combined_score": 0.33333333333333337, "num_eval_prompts": 3}
2026-06-08 14:53:15,341 INFO [openevolve_sap.experiment] [worker_3] evaluation_started {"run_id": "1780919595_991c610a", "program_path": "/tmp/tmpm2fk2ws9.py", "mode": "evaluation", "prompt_indices": null}
2026-06-08 14:53:28,545 INFO [openevolve_sap.experiment] [worker_2] evaluation_complete {"run_id": "1780919023_65192ab9", "program_id": "tmp_ao_nxjo", "alignment_score": 1.8333333333333333, "gemma_score": 1.0, "combined_score": 0.33333333333333337, "num_eval_prompts": 3}
2026-06-08 14:54:26,465 INFO [openevolve_sap.experiment] [worker_2] evaluation_started {"run_id": "1780919666_7adc72bf", "program_path": "/tmp/tmp2aq1ozv3.py", "mode": "evaluation", "prompt_indices": null}
2026-06-08 14:59:08,873 INFO [openevolve_sap.experiment] [worker_1] evaluation_complete {"run_id": "1780919354_7bdf9ab2", "program_id": "tmplfrcm37p", "alignment_score": 3.1666666666666665, "gemma_score": 1.0, "combined_score": 0.5466666666666667, "num_eval_prompts": 3}
2026-06-08 14:59:29,996 INFO [openevolve_sap.experiment] [worker_0] evaluation_complete {"run_id": "1780919482_380d07f9", "program_id": "tmpq22kw2t_", "alignment_score": 1.8333333333333333, "gemma_score": 1.0, "combined_score": 0.33333333333333337, "num_eval_prompts": 3}
2026-06-08 14:59:58,956 INFO [openevolve_sap.experiment] [worker_1] evaluation_started {"run_id": "1780919998_bbe90543", "program_path": "/tmp/tmpo5rfewwe.py", "mode": "evaluation", "prompt_indices": null}
2026-06-08 15:00:00,677 INFO [openevolve_sap.experiment] [worker_3] evaluation_complete {"run_id": "1780919595_991c610a", "program_id": "tmpm2fk2ws9", "alignment_score": 2.3333333333333335, "gemma_score": 1.0, "combined_score": 0.41333333333333333, "num_eval_prompts": 3}
2026-06-08 15:00:17,162 INFO [openevolve_sap.experiment] [worker_0] evaluation_started {"run_id": "1780920017_78b7914c", "program_path": "/tmp/tmpssh1c3lm.py", "mode": "evaluation", "prompt_indices": null}
2026-06-08 15:00:56,163 INFO [openevolve_sap.experiment] [worker_3] evaluation_started {"run_id": "1780920056_fe25992c", "program_path": "/tmp/tmprbpf22rd.py", "mode": "evaluation", "prompt_indices": null}
2026-06-08 15:02:17,588 INFO [openevolve_sap.experiment] [worker_2] evaluation_complete {"run_id": "1780919666_7adc72bf", "program_id": "tmp2aq1ozv3", "alignment_score": 2.6666666666666665, "gemma_score": 1.0, "combined_score": 0.4666666666666667, "num_eval_prompts": 3}
2026-06-08 15:03:20,322 INFO [openevolve_sap.experiment] [worker_2] evaluation_started {"run_id": "1780920200_f22825cf", "program_path": "/tmp/tmp9zsmpxb6.py", "mode": "evaluation", "prompt_indices": null}
2026-06-08 15:07:46,903 INFO [openevolve_sap.experiment] [worker_0] evaluation_complete {"run_id": "1780920017_78b7914c", "program_id": "tmpssh1c3lm", "alignment_score": 1.6666666666666667, "gemma_score": 1.0, "combined_score": 0.30666666666666675, "num_eval_prompts": 3}
2026-06-08 15:07:52,484 INFO [openevolve_sap.experiment] [worker_1] evaluation_complete {"run_id": "1780919998_bbe90543", "program_id": "tmpo5rfewwe", "alignment_score": 2.5, "gemma_score": 1.0, "combined_score": 0.44000000000000006, "num_eval_prompts": 3}
2026-06-08 15:08:34,437 INFO [openevolve_sap.experiment] [worker_1] evaluation_started {"run_id": "1780920514_26f121f8", "program_path": "/tmp/tmpcnzb_o_g.py", "mode": "evaluation", "prompt_indices": null}
2026-06-08 15:09:38,548 INFO [openevolve_sap.experiment] [worker_0] evaluation_started {"run_id": "1780920578_cb86e049", "program_path": "/tmp/tmpkuf38vyc.py", "mode": "evaluation", "prompt_indices": null}
2026-06-08 15:10:42,666 INFO [openevolve_sap.experiment] [worker_3] evaluation_complete {"run_id": "1780920056_fe25992c", "program_id": "tmprbpf22rd", "alignment_score": 2.5, "gemma_score": 1.0, "combined_score": 0.44000000000000006, "num_eval_prompts": 3}
2026-06-08 15:11:28,758 INFO [openevolve_sap.experiment] [worker_3] evaluation_started {"run_id": "1780920688_907b60b5", "program_path": "/tmp/tmpmzqu5h61.py", "mode": "evaluation", "prompt_indices": null}
2026-06-08 15:11:40,046 INFO [openevolve_sap.experiment] [worker_2] evaluation_complete {"run_id": "1780920200_f22825cf", "program_id": "tmp9zsmpxb6", "alignment_score": 2.6666666666666665, "gemma_score": 1.0, "combined_score": 0.4666666666666667, "num_eval_prompts": 3}
2026-06-08 15:12:19,397 INFO [openevolve_sap.experiment] [worker_2] evaluation_started {"run_id": "1780920739_c567c138", "program_path": "/tmp/tmpw2a1qdmh.py", "mode": "evaluation", "prompt_indices": null}
2026-06-08 15:16:11,801 INFO [openevolve_sap.experiment] [worker_1] evaluation_complete {"run_id": "1780920514_26f121f8", "program_id": "tmpcnzb_o_g", "alignment_score": 2.3333333333333335, "gemma_score": 1.0, "combined_score": 0.41333333333333333, "num_eval_prompts": 3}
2026-06-08 15:16:36,988 INFO [openevolve_sap.experiment] [worker_0] evaluation_complete {"run_id": "1780920578_cb86e049", "program_id": "tmpkuf38vyc", "alignment_score": 3.6666666666666665, "gemma_score": 1.0, "combined_score": 0.6266666666666667, "num_eval_prompts": 3}
2026-06-08 15:16:56,102 INFO [openevolve_sap.experiment] [worker_1] evaluation_started {"run_id": "1780921016_96068991", "program_path": "/tmp/tmp_q_fb5bm.py", "mode": "evaluation", "prompt_indices": null}
2026-06-08 15:17:23,530 INFO [openevolve_sap.experiment] [worker_0] evaluation_started {"run_id": "1780921043_43a64821", "program_path": "/tmp/tmp21q0a8fy.py", "mode": "evaluation", "prompt_indices": null}
2026-06-08 15:17:24,200 INFO [openevolve_sap.experiment] [worker_3] evaluation_complete {"run_id": "1780920688_907b60b5", "program_id": "tmpmzqu5h61", "alignment_score": 1.6666666666666667, "gemma_score": 1.0, "combined_score": 0.30666666666666675, "num_eval_prompts": 3}
2026-06-08 15:33:05,081 INFO [openevolve_sap.experiment] [worker_10] evaluation_started {"run_id": "1780921985_03e4a155", "program_path": "/tmp/tmpfx33_4ep.py", "mode": "evaluation", "prompt_indices": null}
2026-06-08 15:33:11,749 INFO [openevolve_sap.experiment] [worker_8] evaluation_started {"run_id": "1780921991_b1071ca4", "program_path": "/tmp/tmpo7y_x502.py", "mode": "evaluation", "prompt_indices": null}
2026-06-08 15:33:12,949 INFO [openevolve_sap.experiment] [worker_11] evaluation_started {"run_id": "1780921992_2dd7df3a", "program_path": "/tmp/tmp54rv_xmv.py", "mode": "evaluation", "prompt_indices": null}
2026-06-08 15:33:18,525 INFO [openevolve_sap.experiment] [worker_9] evaluation_started {"run_id": "1780921998_e98e2e6c", "program_path": "/tmp/tmpm1vgk4tz.py", "mode": "evaluation", "prompt_indices": null}
2026-06-08 15:40:15,370 INFO [openevolve_sap.experiment] [worker_10] evaluation_complete {"run_id": "1780921985_03e4a155", "program_id": "tmpfx33_4ep", "alignment_score": 3.0, "gemma_score": 1.0, "combined_score": 0.52, "num_eval_prompts": 3}
2026-06-08 15:40:17,813 INFO [openevolve_sap.experiment] [worker_11] evaluation_complete {"run_id": "1780921992_2dd7df3a", "program_id": "tmp54rv_xmv", "alignment_score": 2.3333333333333335, "gemma_score": 5.0, "combined_score": 0.5733333333333334, "num_eval_prompts": 3}
2026-06-08 15:41:05,128 INFO [openevolve_sap.experiment] [worker_10] evaluation_started {"run_id": "1780922465_42fecde1", "program_path": "/tmp/tmpjyrxf6rr.py", "mode": "evaluation", "prompt_indices": null}
2026-06-08 15:41:05,817 INFO [openevolve_sap.experiment] [worker_9] evaluation_complete {"run_id": "1780921998_e98e2e6c", "program_id": "tmpm1vgk4tz", "alignment_score": 2.5, "gemma_score": 1.0, "combined_score": 0.44000000000000006, "num_eval_prompts": 3}
2026-06-08 15:41:06,369 INFO [openevolve_sap.experiment] [worker_11] evaluation_started {"run_id": "1780922466_92470044", "program_path": "/tmp/tmpor88bnci.py", "mode": "evaluation", "prompt_indices": null}
2026-06-08 15:41:48,651 INFO [openevolve_sap.experiment] [worker_9] evaluation_started {"run_id": "1780922508_c5ec1337", "program_path": "/tmp/tmpasjwr3is.py", "mode": "evaluation", "prompt_indices": null}
2026-06-08 15:42:10,985 INFO [openevolve_sap.experiment] [worker_8] evaluation_complete {"run_id": "1780921991_b1071ca4", "program_id": "tmpo7y_x502", "alignment_score": 2.6666666666666665, "gemma_score": 1.0, "combined_score": 0.4666666666666667, "num_eval_prompts": 3}
2026-06-08 15:42:46,668 INFO [openevolve_sap.experiment] [worker_8] evaluation_started {"run_id": "1780922566_b6908a25", "program_path": "/tmp/tmp8rw4ub3n.py", "mode": "evaluation", "prompt_indices": null}
2026-06-08 15:47:19,089 INFO [openevolve_sap.experiment] [worker_11] evaluation_complete {"run_id": "1780922466_92470044", "program_id": "tmpor88bnci", "alignment_score": 1.6666666666666667, "gemma_score": 1.0, "combined_score": 0.30666666666666675, "num_eval_prompts": 3}
2026-06-08 15:48:10,389 INFO [openevolve_sap.experiment] [worker_11] evaluation_started {"run_id": "1780922890_cceb8f69", "program_path": "/tmp/tmpy8w747ux.py", "mode": "evaluation", "prompt_indices": null}
2026-06-08 15:49:07,913 INFO [openevolve_sap.experiment] [worker_8] evaluation_complete {"run_id": "1780922566_b6908a25", "program_id": "tmp8rw4ub3n", "alignment_score": 2.3333333333333335, "gemma_score": 1.0, "combined_score": 0.41333333333333333, "num_eval_prompts": 3}
2026-06-08 15:49:45,355 INFO [openevolve_sap.experiment] [worker_8] evaluation_started {"run_id": "1780922985_9eec4bdd", "program_path": "/tmp/tmpt1612xkj.py", "mode": "evaluation", "prompt_indices": null}
2026-06-08 15:50:36,983 INFO [openevolve_sap.experiment] [worker_10] evaluation_complete {"run_id": "1780922465_42fecde1", "program_id": "tmpjyrxf6rr", "alignment_score": 2.1666666666666665, "gemma_score": 1.0, "combined_score": 0.3866666666666667, "num_eval_prompts": 3}
2026-06-08 15:50:46,312 INFO [openevolve_sap.experiment] [worker_9] evaluation_complete {"run_id": "1780922508_c5ec1337", "program_id": "tmpasjwr3is", "alignment_score": 2.5, "gemma_score": 1.0, "combined_score": 0.44000000000000006, "num_eval_prompts": 3}
2026-06-08 15:51:24,046 INFO [openevolve_sap.experiment] [worker_10] evaluation_started {"run_id": "1780923084_60515741", "program_path": "/tmp/tmprnn6vryx.py", "mode": "evaluation", "prompt_indices": null}
2026-06-08 15:51:39,424 INFO [openevolve_sap.experiment] [worker_9] evaluation_started {"run_id": "1780923099_9d7f6d4b", "program_path": "/tmp/tmpvr85qr04.py", "mode": "evaluation", "prompt_indices": null}
2026-06-08 15:54:40,218 INFO [openevolve_sap.experiment] [worker_11] evaluation_complete {"run_id": "1780922890_cceb8f69", "program_id": "tmpy8w747ux", "alignment_score": 2.1666666666666665, "gemma_score": 1.0, "combined_score": 0.3866666666666667, "num_eval_prompts": 3}
2026-06-08 15:55:16,272 INFO [openevolve_sap.experiment] [worker_11] evaluation_started {"run_id": "1780923316_3772f8d3", "program_path": "/tmp/tmpgesyuuhr.py", "mode": "evaluation", "prompt_indices": null}
2026-06-08 15:57:14,376 INFO [openevolve_sap.experiment] [worker_8] evaluation_complete {"run_id": "1780922985_9eec4bdd", "program_id": "tmpt1612xkj", "alignment_score": 3.1666666666666665, "gemma_score": 1.0, "combined_score": 0.5466666666666667, "num_eval_prompts": 3}
2026-06-08 15:58:01,301 INFO [openevolve_sap.experiment] [worker_8] evaluation_started {"run_id": "1780923481_015b08e0", "program_path": "/tmp/tmpdqev0dxz.py", "mode": "evaluation", "prompt_indices": null}
2026-06-08 15:59:28,565 INFO [openevolve_sap.experiment] [worker_9] evaluation_complete {"run_id": "1780923099_9d7f6d4b", "program_id": "tmpvr85qr04", "alignment_score": 2.3333333333333335, "gemma_score": 1.0, "combined_score": 0.41333333333333333, "num_eval_prompts": 3}
2026-06-08 16:00:09,208 INFO [openevolve_sap.experiment] [worker_9] evaluation_started {"run_id": "1780923609_2dbd7416", "program_path": "/tmp/tmpkzssi9d1.py", "mode": "evaluation", "prompt_indices": null}
2026-06-08 16:01:25,525 INFO [openevolve_sap.experiment] [worker_10] evaluation_complete {"run_id": "1780923084_60515741", "program_id": "tmprnn6vryx", "alignment_score": 2.1666666666666665, "gemma_score": 1.0, "combined_score": 0.3866666666666667, "num_eval_prompts": 3}
2026-06-08 16:03:12,908 INFO [openevolve_sap.experiment] [worker_10] evaluation_started {"run_id": "1780923792_3199d09c", "program_path": "/tmp/tmpura16qyx.py", "mode": "evaluation", "prompt_indices": null}
2026-06-08 16:03:57,126 INFO [openevolve_sap.experiment] [worker_11] evaluation_complete {"run_id": "1780923316_3772f8d3", "program_id": "tmpgesyuuhr", "alignment_score": 2.5, "gemma_score": 1.0, "combined_score": 0.44000000000000006, "num_eval_prompts": 3}
2026-06-08 16:04:42,983 INFO [openevolve_sap.experiment] [worker_11] evaluation_started {"run_id": "1780923882_0afb5a31", "program_path": "/tmp/tmp70lnp63y.py", "mode": "evaluation", "prompt_indices": null}
2026-06-08 16:06:42,341 INFO [openevolve_sap.experiment] [worker_8] evaluation_complete {"run_id": "1780923481_015b08e0", "program_id": "tmpdqev0dxz", "alignment_score": 3.0, "gemma_score": 1.0, "combined_score": 0.52, "num_eval_prompts": 3}
2026-06-08 16:07:18,169 INFO [openevolve_sap.experiment] [worker_8] evaluation_started {"run_id": "1780924038_b8652543", "program_path": "/tmp/tmpr3nucy8p.py", "mode": "evaluation", "prompt_indices": null}
2026-06-08 16:09:01,937 INFO [openevolve_sap.experiment] [worker_9] evaluation_complete {"run_id": "1780923609_2dbd7416", "program_id": "tmpkzssi9d1", "alignment_score": 3.1666666666666665, "gemma_score": 5.0, "combined_score": 0.7066666666666668, "num_eval_prompts": 3}
2026-06-08 16:10:00,961 INFO [openevolve_sap.experiment] [worker_10] evaluation_complete {"run_id": "1780923792_3199d09c", "program_id": "tmpura16qyx", "alignment_score": 2.3333333333333335, "gemma_score": 1.0, "combined_score": 0.41333333333333333, "num_eval_prompts": 3}
2026-06-08 16:10:02,563 INFO [openevolve_sap.experiment] [worker_9] evaluation_started {"run_id": "1780924202_bd13e6f7", "program_path": "/tmp/tmp4zlahywv.py", "mode": "evaluation", "prompt_indices": null}
2026-06-08 16:10:36,003 INFO [openevolve_sap.experiment] [worker_10] evaluation_started {"run_id": "1780924236_7956f261", "program_path": "/tmp/tmp7n10sj03.py", "mode": "evaluation", "prompt_indices": null}
2026-06-08 16:11:38,305 INFO [openevolve_sap.experiment] [worker_11] evaluation_complete {"run_id": "1780923882_0afb5a31", "program_id": "tmp70lnp63y", "alignment_score": 3.3333333333333335, "gemma_score": 1.0, "combined_score": 0.5733333333333335, "num_eval_prompts": 3}
2026-06-08 16:12:25,070 INFO [openevolve_sap.experiment] [worker_11] evaluation_started {"run_id": "1780924345_e791ac06", "program_path": "/tmp/tmpdhpyuby9.py", "mode": "evaluation", "prompt_indices": null}
2026-06-08 16:13:43,254 INFO [openevolve_sap.experiment] [worker_8] evaluation_complete {"run_id": "1780924038_b8652543", "program_id": "tmpr3nucy8p", "alignment_score": 2.8333333333333335, "gemma_score": 1.0, "combined_score": 0.4933333333333334, "num_eval_prompts": 3}
2026-06-08 16:14:37,100 INFO [openevolve_sap.experiment] [worker_8] evaluation_started {"run_id": "1780924477_3ea3114a", "program_path": "/tmp/tmpzyyonxu_.py", "mode": "evaluation", "prompt_indices": null}
2026-06-08 16:17:40,501 INFO [openevolve_sap.experiment] [worker_10] evaluation_complete {"run_id": "1780924236_7956f261", "program_id": "tmp7n10sj03", "alignment_score": 2.0, "gemma_score": 1.0, "combined_score": 0.3600000000000001, "num_eval_prompts": 3}
2026-06-08 16:17:55,823 INFO [openevolve_sap.experiment] [worker_9] evaluation_complete {"run_id": "1780924202_bd13e6f7", "program_id": "tmp4zlahywv", "alignment_score": 2.6666666666666665, "gemma_score": 1.0, "combined_score": 0.4666666666666667, "num_eval_prompts": 3}
2026-06-08 16:18:27,858 INFO [openevolve_sap.experiment] [worker_10] evaluation_started {"run_id": "1780924707_7d996d45", "program_path": "/tmp/tmpjkanw3w9.py", "mode": "evaluation", "prompt_indices": null}
2026-06-08 16:18:51,575 INFO [openevolve_sap.experiment] [worker_9] evaluation_started {"run_id": "1780924731_beebd860", "program_path": "/tmp/tmp1dldimrl.py", "mode": "evaluation", "prompt_indices": null}
2026-06-08 16:20:57,607 INFO [openevolve_sap.experiment] [worker_11] evaluation_complete {"run_id": "1780924345_e791ac06", "program_id": "tmpdhpyuby9", "alignment_score": 2.6666666666666665, "gemma_score": 1.0, "combined_score": 0.4666666666666667, "num_eval_prompts": 3}
2026-06-08 16:21:40,910 INFO [openevolve_sap.experiment] [worker_11] evaluation_started {"run_id": "1780924900_6688c610", "program_path": "/tmp/tmpku6spd65.py", "mode": "evaluation", "prompt_indices": null}
2026-06-08 16:21:47,171 INFO [openevolve_sap.experiment] [worker_8] evaluation_complete {"run_id": "1780924477_3ea3114a", "program_id": "tmpzyyonxu_", "alignment_score": 1.8333333333333333, "gemma_score": 1.0, "combined_score": 0.33333333333333337, "num_eval_prompts": 3}
2026-06-08 16:22:40,022 INFO [openevolve_sap.experiment] [worker_8] evaluation_started {"run_id": "1780924960_3b87c6a5", "program_path": "/tmp/tmpujvs78az.py", "mode": "evaluation", "prompt_indices": null}
2026-06-08 16:28:18,591 INFO [openevolve_sap.experiment] [worker_9] evaluation_complete {"run_id": "1780924731_beebd860", "program_id": "tmp1dldimrl", "alignment_score": 3.0, "gemma_score": 1.0, "combined_score": 0.52, "num_eval_prompts": 3}
2026-06-08 16:28:58,437 INFO [openevolve_sap.experiment] [worker_10] evaluation_complete {"run_id": "1780924707_7d996d45", "program_id": "tmpjkanw3w9", "alignment_score": 3.0, "gemma_score": 1.0, "combined_score": 0.52, "num_eval_prompts": 3}
2026-06-08 16:29:02,382 INFO [openevolve_sap.experiment] [worker_9] evaluation_started {"run_id": "1780925342_0a79e895", "program_path": "/tmp/tmpolbafe31.py", "mode": "evaluation", "prompt_indices": null}
2026-06-08 16:29:21,865 INFO [openevolve_sap.experiment] [worker_11] evaluation_complete {"run_id": "1780924900_6688c610", "program_id": "tmpku6spd65", "alignment_score": 1.5, "gemma_score": 1.0, "combined_score": 0.28, "num_eval_prompts": 3}
2026-06-08 16:29:58,288 INFO [openevolve_sap.experiment] [worker_10] evaluation_started {"run_id": "1780925398_72583da2", "program_path": "/tmp/tmpmzym4giz.py", "mode": "evaluation", "prompt_indices": null}
2026-06-08 16:56:03,111 INFO [openevolve_sap.experiment] [worker_21] evaluation_started {"run_id": "1780926963_5e629f89", "program_path": "/tmp/tmpoyh8rci_.py", "mode": "evaluation", "prompt_indices": null}
2026-06-08 16:56:08,783 INFO [openevolve_sap.experiment] [worker_22] evaluation_started {"run_id": "1780926968_c217c84e", "program_path": "/tmp/tmpxl294ra3.py", "mode": "evaluation", "prompt_indices": null}
2026-06-08 16:56:13,755 INFO [openevolve_sap.experiment] [worker_23] evaluation_started {"run_id": "1780926973_b68459f7", "program_path": "/tmp/tmpsrk2lglt.py", "mode": "evaluation", "prompt_indices": null}
2026-06-08 16:56:36,475 INFO [openevolve_sap.experiment] [worker_20] evaluation_started {"run_id": "1780926996_d6c33bf3", "program_path": "/tmp/tmpj537vnp8.py", "mode": "evaluation", "prompt_indices": null}
2026-06-08 16:58:51,201 INFO [openevolve_sap.experiment] [scheduler] experiment_complete {"metrics": {"alignment_score": 3.1666666666666665, "gemma_score": 5.0, "combined_score": 0.7066666666666668, "num_eval_prompts": 3.0}}
