2026-05-22 12:57:09,614 INFO [openevolve_sap.experiment] [scheduler] experiment_start {"gpu_ids": [0, 1, 2, 3], "output": "/home/ubuntu/evolve_SAP/openevolve_sap/output", "ram_limit_gb": 94.34095001220703, "system_ram_gb": 125.78793334960938}
2026-05-22 12:57:22,592 INFO [openevolve_sap.experiment] [worker_unknown] evaluation_started {"run_id": "1779443842_27c1ed46", "program_path": "/tmp/tmp9zotkw6p.py", "mode": "evaluation"}
2026-05-22 13:05:54,763 INFO [openevolve_sap.experiment] [worker_unknown] evaluation_complete {"run_id": "1779443842_27c1ed46", "program_id": "tmp9zotkw6p", "alignment_score": 1.6666666666666667, "gemma_score": 5.0, "combined_score": 0.46666666666666673, "num_eval_prompts": 3}
2026-05-22 13:06:36,371 INFO [openevolve_sap.experiment] [worker_0] evaluation_started {"run_id": "1779444396_e947da49", "program_path": "/tmp/tmp5ljgia6d.py", "mode": "evaluation"}
2026-05-22 13:06:38,187 INFO [openevolve_sap.experiment] [worker_1] evaluation_started {"run_id": "1779444398_e317c164", "program_path": "/tmp/tmpx_2lhw7y.py", "mode": "evaluation"}
2026-05-22 13:06:39,547 INFO [openevolve_sap.experiment] [worker_2] evaluation_started {"run_id": "1779444399_a42e6ec8", "program_path": "/tmp/tmp2ev2ajhf.py", "mode": "evaluation"}
2026-05-22 13:06:43,213 INFO [openevolve_sap.experiment] [worker_3] evaluation_started {"run_id": "1779444403_30c6f13b", "program_path": "/tmp/tmpalkraqr2.py", "mode": "evaluation"}
2026-05-22 13:11:56,714 INFO [openevolve_sap.experiment] [worker_1] evaluation_complete {"run_id": "1779444398_e317c164", "program_id": "tmpx_2lhw7y", "alignment_score": 3.0, "gemma_score": 5.0, "combined_score": 0.6799999999999999, "num_eval_prompts": 3}
2026-05-22 13:11:59,824 INFO [openevolve_sap.experiment] [worker_2] evaluation_complete {"run_id": "1779444399_a42e6ec8", "program_id": "tmp2ev2ajhf", "alignment_score": 3.0, "gemma_score": 5.0, "combined_score": 0.6799999999999999, "num_eval_prompts": 3}
2026-05-22 13:12:23,721 INFO [openevolve_sap.experiment] [worker_3] evaluation_complete {"run_id": "1779444403_30c6f13b", "program_id": "tmpalkraqr2", "alignment_score": 4.0, "gemma_score": 5.0, "combined_score": 0.8400000000000001, "num_eval_prompts": 3}
2026-05-22 13:12:31,235 INFO [openevolve_sap.experiment] [worker_0] evaluation_complete {"run_id": "1779444396_e947da49", "program_id": "tmp5ljgia6d", "alignment_score": 2.6666666666666665, "gemma_score": 1.0, "combined_score": 0.4666666666666667, "num_eval_prompts": 3}
2026-05-22 13:12:34,928 INFO [openevolve_sap.experiment] [worker_1] evaluation_started {"run_id": "1779444754_3fbab525", "program_path": "/tmp/tmpkkixku3_.py", "mode": "evaluation"}
2026-05-22 13:12:48,134 INFO [openevolve_sap.experiment] [worker_3] evaluation_started {"run_id": "1779444768_7d6d248f", "program_path": "/tmp/tmps1rol6xr.py", "mode": "evaluation"}
2026-05-22 13:12:51,682 INFO [openevolve_sap.experiment] [worker_2] evaluation_started {"run_id": "1779444771_d2308efe", "program_path": "/tmp/tmp73pqkcwd.py", "mode": "evaluation"}
2026-05-22 13:13:11,959 INFO [openevolve_sap.experiment] [worker_0] evaluation_started {"run_id": "1779444791_ffa075d9", "program_path": "/tmp/tmp5fmyedig.py", "mode": "evaluation"}
2026-05-22 13:17:53,608 INFO [openevolve_sap.experiment] [worker_0] evaluation_complete {"run_id": "1779444791_ffa075d9", "program_id": "tmp5fmyedig", "alignment_score": 2.6666666666666665, "gemma_score": 5.0, "combined_score": 0.6266666666666667, "num_eval_prompts": 3}
2026-05-22 13:18:05,279 INFO [openevolve_sap.experiment] [worker_3] evaluation_complete {"run_id": "1779444768_7d6d248f", "program_id": "tmps1rol6xr", "alignment_score": 3.0, "gemma_score": 5.0, "combined_score": 0.6799999999999999, "num_eval_prompts": 3}
2026-05-22 13:18:40,988 INFO [openevolve_sap.experiment] [worker_0] evaluation_started {"run_id": "1779445120_6bfbba06", "program_path": "/tmp/tmpyrocfz_c.py", "mode": "evaluation"}
2026-05-22 13:18:47,679 INFO [openevolve_sap.experiment] [worker_1] evaluation_complete {"run_id": "1779444754_3fbab525", "program_id": "tmpkkixku3_", "alignment_score": 2.0, "gemma_score": 5.0, "combined_score": 0.52, "num_eval_prompts": 3}
2026-05-22 13:18:48,096 INFO [openevolve_sap.experiment] [worker_3] evaluation_started {"run_id": "1779445128_cfee5ffb", "program_path": "/tmp/tmps7tkt9fq.py", "mode": "evaluation"}
2026-05-22 13:18:52,074 INFO [openevolve_sap.experiment] [worker_2] evaluation_complete {"run_id": "1779444771_d2308efe", "program_id": "tmp73pqkcwd", "alignment_score": 2.0, "gemma_score": 5.0, "combined_score": 0.52, "num_eval_prompts": 3}
2026-05-22 13:19:19,818 INFO [openevolve_sap.experiment] [worker_2] evaluation_started {"run_id": "1779445159_f6c55058", "program_path": "/tmp/tmpkkzxtz9o.py", "mode": "evaluation"}
2026-05-22 13:19:27,839 INFO [openevolve_sap.experiment] [worker_1] evaluation_started {"run_id": "1779445167_928c2ae2", "program_path": "/tmp/tmpkrsinj79.py", "mode": "evaluation"}
2026-05-22 13:23:18,487 INFO [openevolve_sap.experiment] [worker_0] evaluation_complete {"run_id": "1779445120_6bfbba06", "program_id": "tmpyrocfz_c", "alignment_score": 1.3333333333333333, "gemma_score": 1.0, "combined_score": 0.25333333333333335, "num_eval_prompts": 3}
2026-05-22 13:23:36,956 INFO [openevolve_sap.experiment] [worker_3] evaluation_complete {"run_id": "1779445128_cfee5ffb", "program_id": "tmps7tkt9fq", "alignment_score": 2.3333333333333335, "gemma_score": 5.0, "combined_score": 0.5733333333333334, "num_eval_prompts": 3}
2026-05-22 13:24:03,328 INFO [openevolve_sap.experiment] [worker_0] evaluation_started {"run_id": "1779445443_13b92c83", "program_path": "/tmp/tmptap520ge.py", "mode": "evaluation"}
2026-05-22 13:24:26,779 INFO [openevolve_sap.experiment] [worker_3] evaluation_started {"run_id": "1779445466_63082507", "program_path": "/tmp/tmpzybortq0.py", "mode": "evaluation"}
2026-05-22 13:24:37,680 INFO [openevolve_sap.experiment] [worker_2] evaluation_complete {"run_id": "1779445159_f6c55058", "program_id": "tmpkkzxtz9o", "alignment_score": 1.3333333333333333, "gemma_score": 1.0, "combined_score": 0.25333333333333335, "num_eval_prompts": 3}
2026-05-22 13:24:45,426 INFO [openevolve_sap.experiment] [worker_1] evaluation_complete {"run_id": "1779445167_928c2ae2", "program_id": "tmpkrsinj79", "alignment_score": 2.6666666666666665, "gemma_score": 5.0, "combined_score": 0.6266666666666667, "num_eval_prompts": 3}
2026-05-22 13:25:38,477 INFO [openevolve_sap.experiment] [worker_1] evaluation_started {"run_id": "1779445538_1bdca3bd", "program_path": "/tmp/tmpdwd5nej2.py", "mode": "evaluation"}
2026-05-22 13:25:51,802 INFO [openevolve_sap.experiment] [worker_2] evaluation_started {"run_id": "1779445551_8631a9ef", "program_path": "/tmp/tmpdx13z27w.py", "mode": "evaluation"}
2026-05-22 13:29:22,299 INFO [openevolve_sap.experiment] [worker_3] evaluation_complete {"run_id": "1779445466_63082507", "program_id": "tmpzybortq0", "alignment_score": 2.3333333333333335, "gemma_score": 5.0, "combined_score": 0.5733333333333334, "num_eval_prompts": 3}
2026-05-22 13:29:43,706 INFO [openevolve_sap.experiment] [worker_0] evaluation_complete {"run_id": "1779445443_13b92c83", "program_id": "tmptap520ge", "alignment_score": 1.3333333333333333, "gemma_score": 5.0, "combined_score": 0.41333333333333333, "num_eval_prompts": 3}
2026-05-22 13:30:21,644 INFO [openevolve_sap.experiment] [worker_2] evaluation_complete {"run_id": "1779445551_8631a9ef", "program_id": "tmpdx13z27w", "alignment_score": 2.3333333333333335, "gemma_score": 5.0, "combined_score": 0.5733333333333334, "num_eval_prompts": 3}
2026-05-22 13:30:26,494 INFO [openevolve_sap.experiment] [worker_0] evaluation_started {"run_id": "1779445826_15a579d9", "program_path": "/tmp/tmp3pfa8_z_.py", "mode": "evaluation"}
2026-05-22 13:30:28,870 INFO [openevolve_sap.experiment] [worker_3] evaluation_started {"run_id": "1779445828_76af3ad5", "program_path": "/tmp/tmp9njdkon7.py", "mode": "evaluation"}
2026-05-22 13:30:43,820 INFO [openevolve_sap.experiment] [worker_1] evaluation_complete {"run_id": "1779445538_1bdca3bd", "program_id": "tmpdwd5nej2", "alignment_score": 3.6666666666666665, "gemma_score": 1.0, "combined_score": 0.6266666666666667, "num_eval_prompts": 3}
2026-05-22 13:31:06,492 INFO [openevolve_sap.experiment] [worker_2] evaluation_started {"run_id": "1779445866_3fe30900", "program_path": "/tmp/tmpc25wlz1l.py", "mode": "evaluation"}
2026-05-22 13:31:30,409 INFO [openevolve_sap.experiment] [worker_1] evaluation_started {"run_id": "1779445890_9a2b3e31", "program_path": "/tmp/tmpxktnkr01.py", "mode": "evaluation"}
2026-05-22 13:35:12,698 INFO [openevolve_sap.experiment] [worker_3] evaluation_complete {"run_id": "1779445828_76af3ad5", "program_id": "tmp9njdkon7", "alignment_score": 2.0, "gemma_score": 5.0, "combined_score": 0.52, "num_eval_prompts": 3}
2026-05-22 13:35:21,048 INFO [openevolve_sap.experiment] [worker_0] evaluation_complete {"run_id": "1779445826_15a579d9", "program_id": "tmp3pfa8_z_", "alignment_score": 1.6666666666666667, "gemma_score": 5.0, "combined_score": 0.46666666666666673, "num_eval_prompts": 3}
2026-05-22 13:35:48,576 INFO [openevolve_sap.experiment] [worker_2] evaluation_complete {"run_id": "1779445866_3fe30900", "program_id": "tmpc25wlz1l", "alignment_score": 3.0, "gemma_score": 5.0, "combined_score": 0.6799999999999999, "num_eval_prompts": 3}
2026-05-22 13:36:15,218 INFO [openevolve_sap.experiment] [worker_0] evaluation_started {"run_id": "1779446175_215f908e", "program_path": "/tmp/tmpmbim8z4e.py", "mode": "evaluation"}
2026-05-22 13:36:16,804 INFO [openevolve_sap.experiment] [worker_3] evaluation_started {"run_id": "1779446176_5d9c2492", "program_path": "/tmp/tmpumxo98e7.py", "mode": "evaluation"}
2026-05-22 13:36:45,272 INFO [openevolve_sap.experiment] [worker_2] evaluation_started {"run_id": "1779446205_7af30cfd", "program_path": "/tmp/tmpgcnokmlu.py", "mode": "evaluation"}
2026-05-22 13:36:58,439 INFO [openevolve_sap.experiment] [worker_1] evaluation_complete {"run_id": "1779445890_9a2b3e31", "program_id": "tmpxktnkr01", "alignment_score": 3.3333333333333335, "gemma_score": 5.0, "combined_score": 0.7333333333333334, "num_eval_prompts": 3}
2026-05-22 13:37:42,480 INFO [openevolve_sap.experiment] [worker_1] evaluation_started {"run_id": "1779446262_b1ba97d5", "program_path": "/tmp/tmpehesqx18.py", "mode": "evaluation"}
2026-05-22 13:41:12,098 INFO [openevolve_sap.experiment] [worker_2] evaluation_complete {"run_id": "1779446205_7af30cfd", "program_id": "tmpgcnokmlu", "alignment_score": 1.3333333333333333, "gemma_score": 1.0, "combined_score": 0.25333333333333335, "num_eval_prompts": 3}
2026-05-22 13:41:56,804 INFO [openevolve_sap.experiment] [worker_3] evaluation_complete {"run_id": "1779446176_5d9c2492", "program_id": "tmpumxo98e7", "alignment_score": 3.3333333333333335, "gemma_score": 5.0, "combined_score": 0.7333333333333334, "num_eval_prompts": 3}
2026-05-22 13:42:02,102 INFO [openevolve_sap.experiment] [worker_2] evaluation_started {"run_id": "1779446522_22cca766", "program_path": "/tmp/tmpct0fukn5.py", "mode": "evaluation"}
2026-05-22 13:42:42,876 INFO [openevolve_sap.experiment] [worker_0] evaluation_complete {"run_id": "1779446175_215f908e", "program_id": "tmpmbim8z4e", "alignment_score": 2.0, "gemma_score": 5.0, "combined_score": 0.52, "num_eval_prompts": 3}
2026-05-22 13:42:56,536 INFO [openevolve_sap.experiment] [worker_3] evaluation_started {"run_id": "1779446576_41523edf", "program_path": "/tmp/tmp8zls180y.py", "mode": "evaluation"}
2026-05-22 13:43:08,124 INFO [openevolve_sap.experiment] [worker_1] evaluation_complete {"run_id": "1779446262_b1ba97d5", "program_id": "tmpehesqx18", "alignment_score": 2.6666666666666665, "gemma_score": 1.0, "combined_score": 0.4666666666666667, "num_eval_prompts": 3}
2026-05-22 13:43:23,440 INFO [openevolve_sap.experiment] [worker_0] evaluation_started {"run_id": "1779446603_8f83a668", "program_path": "/tmp/tmpt5x9xh__.py", "mode": "evaluation"}
2026-05-22 13:44:04,150 INFO [openevolve_sap.experiment] [worker_1] evaluation_started {"run_id": "1779446644_4610a035", "program_path": "/tmp/tmp11ozww2q.py", "mode": "evaluation"}
2026-05-22 13:46:19,322 INFO [openevolve_sap.experiment] [scheduler] experiment_complete {"metrics": {"alignment_score": 4.0, "gemma_score": 5.0, "combined_score": 0.8400000000000001, "num_eval_prompts": 3.0}}
