2026-05-22 09:47:39,977 INFO [openevolve_sap.experiment] [scheduler] experiment_start {"gpu_ids": [0, 1, 2, 3], "output": "/home/ubuntu/evolve_SAP/openevolve_sap/output", "ram_limit_gb": 94.34094715118408, "system_ram_gb": 125.78792953491211}
2026-05-22 09:47:45,041 INFO [openevolve_sap.experiment] [worker_unknown] evaluation_started {"run_id": "1779432465_a69086bb", "program_path": "/tmp/tmp0i6rjr0w.py", "mode": "evaluation"}
2026-05-22 09:52:22,261 INFO [openevolve_sap.experiment] [worker_unknown] evaluation_complete {"run_id": "1779432465_a69086bb", "program_id": "tmp0i6rjr0w", "alignment_score": 1.6666666666666667, "gemma_score": 1.0, "combined_score": 0.30666666666666675, "num_eval_prompts": 3}
2026-05-22 09:52:57,727 INFO [openevolve_sap.experiment] [worker_0] evaluation_started {"run_id": "1779432777_e8c38892", "program_path": "/tmp/tmpdp_55c3h.py", "mode": "evaluation"}
2026-05-22 09:53:03,178 INFO [openevolve_sap.experiment] [worker_3] evaluation_started {"run_id": "1779432783_550ea6ee", "program_path": "/tmp/tmphtxa75jv.py", "mode": "evaluation"}
2026-05-22 09:53:15,567 INFO [openevolve_sap.experiment] [worker_2] evaluation_started {"run_id": "1779432795_14bad4f5", "program_path": "/tmp/tmpjlzslerx.py", "mode": "evaluation"}
2026-05-22 09:53:19,740 INFO [openevolve_sap.experiment] [worker_1] evaluation_started {"run_id": "1779432799_b3bedd71", "program_path": "/tmp/tmpgsh8720y.py", "mode": "evaluation"}
2026-05-22 09:58:48,799 INFO [openevolve_sap.experiment] [worker_0] evaluation_complete {"run_id": "1779432777_e8c38892", "program_id": "tmpdp_55c3h", "alignment_score": 3.0, "gemma_score": 1.0, "combined_score": 0.52, "num_eval_prompts": 3}
2026-05-22 09:59:04,800 INFO [openevolve_sap.experiment] [worker_3] evaluation_complete {"run_id": "1779432783_550ea6ee", "program_id": "tmphtxa75jv", "alignment_score": 1.6666666666666667, "gemma_score": 1.0, "combined_score": 0.30666666666666675, "num_eval_prompts": 3}
2026-05-22 09:59:18,978 INFO [openevolve_sap.experiment] [worker_2] evaluation_complete {"run_id": "1779432795_14bad4f5", "program_id": "tmpjlzslerx", "alignment_score": 3.0, "gemma_score": 1.0, "combined_score": 0.52, "num_eval_prompts": 3}
2026-05-22 09:59:33,886 INFO [openevolve_sap.experiment] [worker_0] evaluation_started {"run_id": "1779433173_dbbc64fe", "program_path": "/tmp/tmpt8xg3ebs.py", "mode": "evaluation"}
2026-05-22 09:59:47,064 INFO [openevolve_sap.experiment] [worker_3] evaluation_started {"run_id": "1779433187_974f3912", "program_path": "/tmp/tmpul2lnuaf.py", "mode": "evaluation"}
2026-05-22 09:59:57,510 INFO [openevolve_sap.experiment] [worker_2] evaluation_started {"run_id": "1779433197_a9abe727", "program_path": "/tmp/tmpkhmho19j.py", "mode": "evaluation"}
2026-05-22 10:00:08,632 INFO [openevolve_sap.experiment] [worker_1] evaluation_complete {"run_id": "1779432799_b3bedd71", "program_id": "tmpgsh8720y", "alignment_score": 2.3333333333333335, "gemma_score": 1.0, "combined_score": 0.41333333333333333, "num_eval_prompts": 3}
2026-05-22 10:00:47,830 INFO [openevolve_sap.experiment] [worker_1] evaluation_started {"run_id": "1779433247_f2c4dd2c", "program_path": "/tmp/tmpka7_2k64.py", "mode": "evaluation"}
2026-05-22 10:05:01,850 INFO [openevolve_sap.experiment] [worker_0] evaluation_complete {"run_id": "1779433173_dbbc64fe", "program_id": "tmpt8xg3ebs", "alignment_score": 2.0, "gemma_score": 1.0, "combined_score": 0.3600000000000001, "num_eval_prompts": 3}
2026-05-22 10:05:45,282 INFO [openevolve_sap.experiment] [worker_0] evaluation_started {"run_id": "1779433545_18ff28ab", "program_path": "/tmp/tmpge40lp8s.py", "mode": "evaluation"}
2026-05-22 10:06:08,015 INFO [openevolve_sap.experiment] [worker_2] evaluation_complete {"run_id": "1779433197_a9abe727", "program_id": "tmpkhmho19j", "alignment_score": 2.6666666666666665, "gemma_score": 1.0, "combined_score": 0.4666666666666667, "num_eval_prompts": 3}
2026-05-22 10:06:31,788 INFO [openevolve_sap.experiment] [worker_3] evaluation_complete {"run_id": "1779433187_974f3912", "program_id": "tmpul2lnuaf", "alignment_score": 1.6666666666666667, "gemma_score": 1.0, "combined_score": 0.30666666666666675, "num_eval_prompts": 3}
2026-05-22 10:06:50,840 INFO [openevolve_sap.experiment] [worker_2] evaluation_started {"run_id": "1779433610_fc3257e8", "program_path": "/tmp/tmpbyfm5a1o.py", "mode": "evaluation"}
2026-05-22 10:06:50,996 INFO [openevolve_sap.experiment] [worker_1] evaluation_complete {"run_id": "1779433247_f2c4dd2c", "program_id": "tmpka7_2k64", "alignment_score": 3.3333333333333335, "gemma_score": 5.0, "combined_score": 0.7333333333333334, "num_eval_prompts": 3}
2026-05-22 10:07:27,133 INFO [openevolve_sap.experiment] [worker_3] evaluation_started {"run_id": "1779433647_cd850e19", "program_path": "/tmp/tmpf_58yz_i.py", "mode": "evaluation"}
2026-05-22 10:07:36,030 INFO [openevolve_sap.experiment] [worker_1] evaluation_started {"run_id": "1779433656_8051213e", "program_path": "/tmp/tmpwpdh1hco.py", "mode": "evaluation"}
2026-05-22 10:11:34,951 INFO [openevolve_sap.experiment] [worker_0] evaluation_complete {"run_id": "1779433545_18ff28ab", "program_id": "tmpge40lp8s", "alignment_score": 2.0, "gemma_score": 1.0, "combined_score": 0.3600000000000001, "num_eval_prompts": 3}
2026-05-22 10:12:17,949 INFO [openevolve_sap.experiment] [worker_0] evaluation_started {"run_id": "1779433937_288b6d72", "program_path": "/tmp/tmpxlvnb7hb.py", "mode": "evaluation"}
2026-05-22 10:13:26,302 INFO [openevolve_sap.experiment] [worker_2] evaluation_complete {"run_id": "1779433610_fc3257e8", "program_id": "tmpbyfm5a1o", "alignment_score": 3.3333333333333335, "gemma_score": 1.0, "combined_score": 0.5733333333333335, "num_eval_prompts": 3}
2026-05-22 10:13:44,375 INFO [openevolve_sap.experiment] [worker_3] evaluation_complete {"run_id": "1779433647_cd850e19", "program_id": "tmpf_58yz_i", "alignment_score": 4.0, "gemma_score": 1.0, "combined_score": 0.6800000000000002, "num_eval_prompts": 3}
2026-05-22 10:14:00,585 INFO [openevolve_sap.experiment] [worker_1] evaluation_complete {"run_id": "1779433656_8051213e", "program_id": "tmpwpdh1hco", "alignment_score": 2.0, "gemma_score": 1.0, "combined_score": 0.3600000000000001, "num_eval_prompts": 3}
2026-05-22 10:14:15,731 INFO [openevolve_sap.experiment] [worker_2] evaluation_started {"run_id": "1779434055_59099f62", "program_path": "/tmp/tmpu46eo8js.py", "mode": "evaluation"}
2026-05-22 10:14:22,503 INFO [openevolve_sap.experiment] [worker_3] evaluation_started {"run_id": "1779434062_8313e738", "program_path": "/tmp/tmp_e7kzy6s.py", "mode": "evaluation"}
2026-05-22 10:14:33,407 INFO [openevolve_sap.experiment] [worker_1] evaluation_started {"run_id": "1779434073_450cb5fb", "program_path": "/tmp/tmp1x_j2rmu.py", "mode": "evaluation"}
2026-05-22 10:19:05,128 INFO [openevolve_sap.experiment] [worker_0] evaluation_complete {"run_id": "1779433937_288b6d72", "program_id": "tmpxlvnb7hb", "alignment_score": 1.6666666666666667, "gemma_score": 1.0, "combined_score": 0.30666666666666675, "num_eval_prompts": 3}
2026-05-22 10:19:47,120 INFO [openevolve_sap.experiment] [worker_0] evaluation_started {"run_id": "1779434387_8204eb6f", "program_path": "/tmp/tmp1ykdrna6.py", "mode": "evaluation"}
2026-05-22 10:20:50,038 INFO [openevolve_sap.experiment] [worker_3] evaluation_complete {"run_id": "1779434062_8313e738", "program_id": "tmp_e7kzy6s", "alignment_score": 2.0, "gemma_score": 1.0, "combined_score": 0.3600000000000001, "num_eval_prompts": 3}
2026-05-22 10:20:54,599 INFO [openevolve_sap.experiment] [worker_1] evaluation_complete {"run_id": "1779434073_450cb5fb", "program_id": "tmp1x_j2rmu", "alignment_score": 3.3333333333333335, "gemma_score": 1.0, "combined_score": 0.5733333333333335, "num_eval_prompts": 3}
2026-05-22 10:21:07,535 INFO [openevolve_sap.experiment] [worker_2] evaluation_complete {"run_id": "1779434055_59099f62", "program_id": "tmpu46eo8js", "alignment_score": 4.0, "gemma_score": 5.0, "combined_score": 0.8400000000000001, "num_eval_prompts": 3}
2026-05-22 10:21:22,631 INFO [openevolve_sap.experiment] [worker_1] evaluation_started {"run_id": "1779434482_aed83552", "program_path": "/tmp/tmphbx87au2.py", "mode": "evaluation"}
2026-05-22 10:21:25,195 INFO [openevolve_sap.experiment] [worker_3] evaluation_started {"run_id": "1779434485_5ba21708", "program_path": "/tmp/tmpmo3cwvye.py", "mode": "evaluation"}
2026-05-22 10:21:42,039 INFO [openevolve_sap.experiment] [worker_2] evaluation_started {"run_id": "1779434502_d8883cdc", "program_path": "/tmp/tmplav6nr9z.py", "mode": "evaluation"}
2026-05-22 10:28:04,808 INFO [openevolve_sap.experiment] [worker_0] evaluation_complete {"run_id": "1779434387_8204eb6f", "program_id": "tmp1ykdrna6", "alignment_score": 1.6666666666666667, "gemma_score": 1.0, "combined_score": 0.30666666666666675, "num_eval_prompts": 3}
2026-05-22 10:28:37,762 INFO [openevolve_sap.experiment] [worker_2] evaluation_complete {"run_id": "1779434502_d8883cdc", "program_id": "tmplav6nr9z", "alignment_score": 2.0, "gemma_score": 1.0, "combined_score": 0.3600000000000001, "num_eval_prompts": 3}
2026-05-22 10:28:44,356 INFO [openevolve_sap.experiment] [worker_3] evaluation_complete {"run_id": "1779434485_5ba21708", "program_id": "tmpmo3cwvye", "alignment_score": 4.0, "gemma_score": 5.0, "combined_score": 0.8400000000000001, "num_eval_prompts": 2}
2026-05-22 10:28:45,889 INFO [openevolve_sap.experiment] [worker_0] evaluation_started {"run_id": "1779434925_218d48c2", "program_path": "/tmp/tmpqn3qn6ho.py", "mode": "evaluation"}
2026-05-22 10:29:00,304 INFO [openevolve_sap.experiment] [worker_1] evaluation_complete {"run_id": "1779434482_aed83552", "program_id": "tmphbx87au2", "alignment_score": 1.6666666666666667, "gemma_score": 1.0, "combined_score": 0.30666666666666675, "num_eval_prompts": 3}
2026-05-22 10:29:28,953 INFO [openevolve_sap.experiment] [worker_2] evaluation_started {"run_id": "1779434968_ebcadd4a", "program_path": "/tmp/tmp5xcpqbvt.py", "mode": "evaluation"}
2026-05-22 10:29:31,358 INFO [openevolve_sap.experiment] [worker_3] evaluation_started {"run_id": "1779434971_91c3c966", "program_path": "/tmp/tmpyx6hlljk.py", "mode": "evaluation"}
2026-05-22 10:29:39,657 INFO [openevolve_sap.experiment] [worker_1] evaluation_started {"run_id": "1779434979_6665f0ed", "program_path": "/tmp/tmp6lmy2ovf.py", "mode": "evaluation"}
2026-05-22 10:33:19,182 INFO [openevolve_sap.experiment] [scheduler] experiment_complete {"metrics": {"alignment_score": 4.0, "gemma_score": 5.0, "combined_score": 0.8400000000000001, "num_eval_prompts": 3.0}}
