2026-06-08 09:19:22,947 INFO [openevolve_sap.experiment] [scheduler] experiment_start {"gpu_ids": [0, 1, 2, 3], "output": "/home/ubuntu/evolve_SAP/openevolve_sap/output", "ram_limit_gb": 94.34094142913818, "system_ram_gb": 125.78792190551758}
2026-06-08 09:20:39,939 INFO [openevolve_sap.experiment] [worker_unknown] evaluation_started {"run_id": "1780899639_1abfd5ec", "program_path": "/tmp/tmp8yl69nyb.py", "mode": "evaluation", "prompt_indices": null}
2026-06-08 09:36:44,179 INFO [openevolve_sap.experiment] [worker_unknown] evaluation_complete {"run_id": "1780899639_1abfd5ec", "program_id": "tmp8yl69nyb", "alignment_score": 1.6666666666666667, "gemma_score": 1.0, "combined_score": 0.30666666666666675, "num_eval_prompts": 3}
2026-06-08 09:37:18,978 INFO [openevolve_sap.experiment] [worker_0] evaluation_started {"run_id": "1780900638_8cbc076d", "program_path": "/tmp/tmpcigyx1i8.py", "mode": "evaluation", "prompt_indices": null}
2026-06-08 09:37:28,538 INFO [openevolve_sap.experiment] [worker_1] evaluation_started {"run_id": "1780900648_a086d258", "program_path": "/tmp/tmpd_t0_737.py", "mode": "evaluation", "prompt_indices": null}
2026-06-08 09:37:30,595 INFO [openevolve_sap.experiment] [worker_3] evaluation_started {"run_id": "1780900650_dc499645", "program_path": "/tmp/tmp6kw83hmx.py", "mode": "evaluation", "prompt_indices": null}
2026-06-08 09:37:45,490 INFO [openevolve_sap.experiment] [worker_2] evaluation_started {"run_id": "1780900665_2f752fe1", "program_path": "/tmp/tmp0iqttsrz.py", "mode": "evaluation", "prompt_indices": null}
2026-06-08 09:43:14,880 INFO [openevolve_sap.experiment] [worker_3] evaluation_complete {"run_id": "1780900650_dc499645", "program_id": "tmp6kw83hmx", "alignment_score": 2.3333333333333335, "gemma_score": 1.0, "combined_score": 0.41333333333333333, "num_eval_prompts": 3}
2026-06-08 09:43:31,064 INFO [openevolve_sap.experiment] [worker_0] evaluation_complete {"run_id": "1780900638_8cbc076d", "program_id": "tmpcigyx1i8", "alignment_score": 2.3333333333333335, "gemma_score": 1.0, "combined_score": 0.41333333333333333, "num_eval_prompts": 3}
2026-06-08 09:43:55,836 INFO [openevolve_sap.experiment] [worker_3] evaluation_started {"run_id": "1780901035_270f41a4", "program_path": "/tmp/tmp5sdato_r.py", "mode": "evaluation", "prompt_indices": null}
2026-06-08 09:44:09,368 INFO [openevolve_sap.experiment] [worker_0] evaluation_started {"run_id": "1780901049_2eb5178c", "program_path": "/tmp/tmpeyv2jqzm.py", "mode": "evaluation", "prompt_indices": null}
2026-06-08 09:44:24,919 INFO [openevolve_sap.experiment] [worker_2] evaluation_complete {"run_id": "1780900665_2f752fe1", "program_id": "tmp0iqttsrz", "alignment_score": 3.3333333333333335, "gemma_score": 1.0, "combined_score": 0.5733333333333335, "num_eval_prompts": 3}
2026-06-08 09:44:44,894 INFO [openevolve_sap.experiment] [worker_1] evaluation_complete {"run_id": "1780900648_a086d258", "program_id": "tmpd_t0_737", "alignment_score": 2.5, "gemma_score": 1.0, "combined_score": 0.44000000000000006, "num_eval_prompts": 3}
2026-06-08 09:44:52,556 INFO [openevolve_sap.experiment] [worker_2] evaluation_started {"run_id": "1780901092_2854b80f", "program_path": "/tmp/tmpm3ds_7eb.py", "mode": "evaluation", "prompt_indices": null}
2026-06-08 09:45:15,982 INFO [openevolve_sap.experiment] [worker_1] evaluation_started {"run_id": "1780901115_80b5e92a", "program_path": "/tmp/tmpp8iz1wh5.py", "mode": "evaluation", "prompt_indices": null}
2026-06-08 09:51:17,928 INFO [openevolve_sap.experiment] [worker_0] evaluation_complete {"run_id": "1780901049_2eb5178c", "program_id": "tmpeyv2jqzm", "alignment_score": 1.8333333333333333, "gemma_score": 1.0, "combined_score": 0.33333333333333337, "num_eval_prompts": 3}
2026-06-08 09:51:38,632 INFO [openevolve_sap.experiment] [worker_3] evaluation_complete {"run_id": "1780901035_270f41a4", "program_id": "tmp5sdato_r", "alignment_score": 3.3333333333333335, "gemma_score": 1.0, "combined_score": 0.5733333333333335, "num_eval_prompts": 3}
2026-06-08 09:51:56,179 INFO [openevolve_sap.experiment] [worker_2] evaluation_complete {"run_id": "1780901092_2854b80f", "program_id": "tmpm3ds_7eb", "alignment_score": 2.3333333333333335, "gemma_score": 1.0, "combined_score": 0.41333333333333333, "num_eval_prompts": 3}
2026-06-08 09:52:10,049 INFO [openevolve_sap.experiment] [worker_0] evaluation_started {"run_id": "1780901530_0abaabcc", "program_path": "/tmp/tmpunc569mm.py", "mode": "evaluation", "prompt_indices": null}
2026-06-08 09:52:14,932 INFO [openevolve_sap.experiment] [worker_3] evaluation_started {"run_id": "1780901534_b7a97c4b", "program_path": "/tmp/tmp_2ah2xsk.py", "mode": "evaluation", "prompt_indices": null}
2026-06-08 09:52:39,624 INFO [openevolve_sap.experiment] [worker_2] evaluation_started {"run_id": "1780901559_bf6a7bd5", "program_path": "/tmp/tmp6bzztc6_.py", "mode": "evaluation", "prompt_indices": null}
2026-06-08 09:53:23,313 INFO [openevolve_sap.experiment] [worker_1] evaluation_complete {"run_id": "1780901115_80b5e92a", "program_id": "tmpp8iz1wh5", "alignment_score": 2.0, "gemma_score": 1.0, "combined_score": 0.3600000000000001, "num_eval_prompts": 3}
2026-06-08 09:54:23,091 INFO [openevolve_sap.experiment] [worker_1] evaluation_started {"run_id": "1780901663_e079002e", "program_path": "/tmp/tmp5sy66rqi.py", "mode": "evaluation", "prompt_indices": null}
2026-06-08 09:58:31,943 INFO [openevolve_sap.experiment] [worker_3] evaluation_complete {"run_id": "1780901534_b7a97c4b", "program_id": "tmp_2ah2xsk", "alignment_score": 2.8333333333333335, "gemma_score": 1.0, "combined_score": 0.4933333333333334, "num_eval_prompts": 3}
2026-06-08 09:59:11,273 INFO [openevolve_sap.experiment] [worker_3] evaluation_started {"run_id": "1780901951_746f6657", "program_path": "/tmp/tmp4ud5w4yj.py", "mode": "evaluation", "prompt_indices": null}
2026-06-08 10:00:19,400 INFO [openevolve_sap.experiment] [worker_0] evaluation_complete {"run_id": "1780901530_0abaabcc", "program_id": "tmpunc569mm", "alignment_score": 3.1666666666666665, "gemma_score": 1.0, "combined_score": 0.5466666666666667, "num_eval_prompts": 3}
2026-06-08 10:00:38,015 INFO [openevolve_sap.experiment] [worker_2] evaluation_complete {"run_id": "1780901559_bf6a7bd5", "program_id": "tmp6bzztc6_", "alignment_score": 2.3333333333333335, "gemma_score": 1.0, "combined_score": 0.41333333333333333, "num_eval_prompts": 3}
2026-06-08 10:01:03,301 INFO [openevolve_sap.experiment] [worker_0] evaluation_started {"run_id": "1780902063_a1ddc0ad", "program_path": "/tmp/tmpnnjm1kph.py", "mode": "evaluation", "prompt_indices": null}
2026-06-08 10:01:30,502 INFO [openevolve_sap.experiment] [worker_2] evaluation_started {"run_id": "1780902090_5563e9aa", "program_path": "/tmp/tmpfe0iipjj.py", "mode": "evaluation", "prompt_indices": null}
2026-06-08 10:02:22,295 INFO [openevolve_sap.experiment] [worker_1] evaluation_complete {"run_id": "1780901663_e079002e", "program_id": "tmp5sy66rqi", "alignment_score": 2.3333333333333335, "gemma_score": 1.0, "combined_score": 0.41333333333333333, "num_eval_prompts": 3}
2026-06-08 10:03:24,851 INFO [openevolve_sap.experiment] [worker_1] evaluation_started {"run_id": "1780902204_625e6a14", "program_path": "/tmp/tmpww7zdivr.py", "mode": "evaluation", "prompt_indices": null}
2026-06-08 10:04:49,868 INFO [openevolve_sap.experiment] [worker_3] evaluation_complete {"run_id": "1780901951_746f6657", "program_id": "tmp4ud5w4yj", "alignment_score": 1.6666666666666667, "gemma_score": 1.0, "combined_score": 0.30666666666666675, "num_eval_prompts": 3}
2026-06-08 10:05:27,466 INFO [openevolve_sap.experiment] [worker_3] evaluation_started {"run_id": "1780902327_933f0cc7", "program_path": "/tmp/tmposxyc0yv.py", "mode": "evaluation", "prompt_indices": null}
2026-06-08 10:06:53,680 INFO [openevolve_sap.experiment] [worker_0] evaluation_complete {"run_id": "1780902063_a1ddc0ad", "program_id": "tmpnnjm1kph", "alignment_score": 2.6666666666666665, "gemma_score": 5.0, "combined_score": 0.6266666666666667, "num_eval_prompts": 3}
2026-06-08 10:07:29,787 INFO [openevolve_sap.experiment] [worker_0] evaluation_started {"run_id": "1780902449_df9673f8", "program_path": "/tmp/tmpurhnl71b.py", "mode": "evaluation", "prompt_indices": null}
2026-06-08 10:07:39,752 INFO [openevolve_sap.experiment] [worker_2] evaluation_complete {"run_id": "1780902090_5563e9aa", "program_id": "tmpfe0iipjj", "alignment_score": 2.8333333333333335, "gemma_score": 1.0, "combined_score": 0.4933333333333334, "num_eval_prompts": 3}
2026-06-08 10:08:22,829 INFO [openevolve_sap.experiment] [worker_2] evaluation_started {"run_id": "1780902502_a3d6b19d", "program_path": "/tmp/tmp74e04v9z.py", "mode": "evaluation", "prompt_indices": null}
2026-06-08 10:11:23,102 INFO [openevolve_sap.experiment] [worker_1] evaluation_complete {"run_id": "1780902204_625e6a14", "program_id": "tmpww7zdivr", "alignment_score": 3.6666666666666665, "gemma_score": 1.0, "combined_score": 0.6266666666666667, "num_eval_prompts": 3}
2026-06-08 10:11:55,956 INFO [openevolve_sap.experiment] [worker_1] evaluation_started {"run_id": "1780902715_2928236f", "program_path": "/tmp/tmp3nc34x9o.py", "mode": "evaluation", "prompt_indices": null}
2026-06-08 10:13:30,564 INFO [openevolve_sap.experiment] [worker_3] evaluation_complete {"run_id": "1780902327_933f0cc7", "program_id": "tmposxyc0yv", "alignment_score": 2.0, "gemma_score": 1.0, "combined_score": 0.3600000000000001, "num_eval_prompts": 3}
2026-06-08 10:14:25,103 INFO [openevolve_sap.experiment] [worker_3] evaluation_started {"run_id": "1780902865_5de1bdb6", "program_path": "/tmp/tmp4si5rwsk.py", "mode": "evaluation", "prompt_indices": null}
2026-06-08 10:15:42,644 INFO [openevolve_sap.experiment] [worker_2] evaluation_complete {"run_id": "1780902502_a3d6b19d", "program_id": "tmp74e04v9z", "alignment_score": 3.6666666666666665, "gemma_score": 1.0, "combined_score": 0.6266666666666667, "num_eval_prompts": 3}
2026-06-08 10:15:43,861 INFO [openevolve_sap.experiment] [worker_0] evaluation_complete {"run_id": "1780902449_df9673f8", "program_id": "tmpurhnl71b", "alignment_score": 2.8333333333333335, "gemma_score": 1.0, "combined_score": 0.4933333333333334, "num_eval_prompts": 3}
2026-06-08 10:16:27,820 INFO [openevolve_sap.experiment] [worker_2] evaluation_started {"run_id": "1780902987_e917d7f1", "program_path": "/tmp/tmpc1rduz5e.py", "mode": "evaluation", "prompt_indices": null}
2026-06-08 10:16:36,138 INFO [openevolve_sap.experiment] [worker_0] evaluation_started {"run_id": "1780902996_f53a80fc", "program_path": "/tmp/tmpwbjo0f5q.py", "mode": "evaluation", "prompt_indices": null}
2026-06-08 10:20:23,153 INFO [openevolve_sap.experiment] [worker_1] evaluation_complete {"run_id": "1780902715_2928236f", "program_id": "tmp3nc34x9o", "alignment_score": 2.5, "gemma_score": 1.0, "combined_score": 0.44000000000000006, "num_eval_prompts": 3}
2026-06-08 10:21:15,541 INFO [openevolve_sap.experiment] [worker_3] evaluation_complete {"run_id": "1780902865_5de1bdb6", "program_id": "tmp4si5rwsk", "alignment_score": 3.3333333333333335, "gemma_score": 1.0, "combined_score": 0.5733333333333335, "num_eval_prompts": 3}
2026-06-08 10:21:22,114 INFO [openevolve_sap.experiment] [worker_1] evaluation_started {"run_id": "1780903282_c41d5758", "program_path": "/tmp/tmp4jl71cya.py", "mode": "evaluation", "prompt_indices": null}
2026-06-08 10:22:05,525 INFO [openevolve_sap.experiment] [worker_3] evaluation_started {"run_id": "1780903325_f29ea9d4", "program_path": "/tmp/tmpku_smar5.py", "mode": "evaluation", "prompt_indices": null}
2026-06-08 10:22:31,094 INFO [openevolve_sap.experiment] [worker_2] evaluation_complete {"run_id": "1780902987_e917d7f1", "program_id": "tmpc1rduz5e", "alignment_score": 2.1666666666666665, "gemma_score": 5.0, "combined_score": 0.5466666666666666, "num_eval_prompts": 3}
2026-06-08 10:23:20,709 INFO [openevolve_sap.experiment] [worker_2] evaluation_started {"run_id": "1780903400_39aacf4b", "program_path": "/tmp/tmpreq73_pn.py", "mode": "evaluation", "prompt_indices": null}
2026-06-08 10:26:08,719 INFO [openevolve_sap.experiment] [worker_0] evaluation_complete {"run_id": "1780902996_f53a80fc", "program_id": "tmpwbjo0f5q", "alignment_score": 1.6666666666666667, "gemma_score": 1.0, "combined_score": 0.30666666666666675, "num_eval_prompts": 3}
2026-06-08 10:27:05,529 INFO [openevolve_sap.experiment] [worker_0] evaluation_started {"run_id": "1780903625_f20639a8", "program_path": "/tmp/tmpao5r4rz6.py", "mode": "evaluation", "prompt_indices": null}
2026-06-08 10:27:46,867 INFO [openevolve_sap.experiment] [worker_1] evaluation_complete {"run_id": "1780903282_c41d5758", "program_id": "tmp4jl71cya", "alignment_score": 3.0, "gemma_score": 1.0, "combined_score": 0.52, "num_eval_prompts": 3}
2026-06-08 10:28:31,832 INFO [openevolve_sap.experiment] [worker_3] evaluation_complete {"run_id": "1780903325_f29ea9d4", "program_id": "tmpku_smar5", "alignment_score": 1.8333333333333333, "gemma_score": 1.0, "combined_score": 0.33333333333333337, "num_eval_prompts": 3}
2026-06-08 10:29:22,067 INFO [openevolve_sap.experiment] [worker_1] evaluation_started {"run_id": "1780903762_259dbc81", "program_path": "/tmp/tmpuzztwf5p.py", "mode": "evaluation", "prompt_indices": null}
2026-06-08 10:29:35,272 INFO [openevolve_sap.experiment] [worker_2] evaluation_complete {"run_id": "1780903400_39aacf4b", "program_id": "tmpreq73_pn", "alignment_score": 2.5, "gemma_score": 1.0, "combined_score": 0.44000000000000006, "num_eval_prompts": 3}
2026-06-08 10:30:14,411 INFO [openevolve_sap.experiment] [worker_3] evaluation_started {"run_id": "1780903814_5650d871", "program_path": "/tmp/tmpbv73q72u.py", "mode": "evaluation", "prompt_indices": null}
2026-06-08 10:30:31,168 INFO [openevolve_sap.experiment] [worker_2] evaluation_started {"run_id": "1780903831_59f2e2a6", "program_path": "/tmp/tmp003xdrfc.py", "mode": "evaluation", "prompt_indices": null}
2026-06-08 10:34:46,177 INFO [openevolve_sap.experiment] [scheduler] experiment_complete {"metrics": {"alignment_score": 2.6666666666666665, "gemma_score": 5.0, "combined_score": 0.6266666666666667, "num_eval_prompts": 3.0}}
