2026-05-29 12:56:47,540 INFO [openevolve_sap.experiment] [scheduler] experiment_start {"gpu_ids": [0, 1, 2, 3], "output": "/home/ubuntu/evolve_SAP/openevolve_sap/output", "ram_limit_gb": 94.34094715118408, "system_ram_gb": 125.78792953491211}
2026-05-29 12:57:47,839 INFO [openevolve_sap.experiment] [worker_unknown] evaluation_started {"run_id": "1780048667_7f1bf251", "program_path": "/tmp/tmpsnaf9s11.py", "mode": "evaluation", "prompt_indices": null}
2026-05-29 13:09:40,501 INFO [openevolve_sap.experiment] [worker_unknown] evaluation_complete {"run_id": "1780048667_7f1bf251", "program_id": "tmpsnaf9s11", "alignment_score": 3.0, "gemma_score": 5.0, "combined_score": 0.6799999999999999, "num_eval_prompts": 3}
2026-05-29 13:10:18,433 INFO [openevolve_sap.experiment] [worker_3] evaluation_started {"run_id": "1780049418_fc9a73af", "program_path": "/tmp/tmp6zy05z2t.py", "mode": "evaluation", "prompt_indices": null}
2026-05-29 13:10:19,397 INFO [openevolve_sap.experiment] [worker_1] evaluation_started {"run_id": "1780049419_364448b0", "program_path": "/tmp/tmp0v_ed5il.py", "mode": "evaluation", "prompt_indices": null}
2026-05-29 13:10:26,413 INFO [openevolve_sap.experiment] [worker_0] evaluation_started {"run_id": "1780049426_77836521", "program_path": "/tmp/tmpjxtqx353.py", "mode": "evaluation", "prompt_indices": null}
2026-05-29 13:10:30,291 INFO [openevolve_sap.experiment] [worker_2] evaluation_started {"run_id": "1780049430_3a56a22b", "program_path": "/tmp/tmp3_fkumra.py", "mode": "evaluation", "prompt_indices": null}
2026-05-29 13:13:47,284 INFO [openevolve_sap.experiment] [worker_1] evaluation_complete {"run_id": "1780049419_364448b0", "program_id": "tmp0v_ed5il", "alignment_score": 2.6666666666666665, "gemma_score": 1.0, "combined_score": 0.4666666666666667, "num_eval_prompts": 3}
2026-05-29 13:13:53,874 INFO [openevolve_sap.experiment] [worker_3] evaluation_complete {"run_id": "1780049418_fc9a73af", "program_id": "tmp6zy05z2t", "alignment_score": 3.0, "gemma_score": 1.0, "combined_score": 0.52, "num_eval_prompts": 3}
2026-05-29 13:13:57,565 INFO [openevolve_sap.experiment] [worker_2] evaluation_complete {"run_id": "1780049430_3a56a22b", "program_id": "tmp3_fkumra", "alignment_score": 3.0, "gemma_score": 4.0, "combined_score": 0.64, "num_eval_prompts": 3}
2026-05-29 13:14:08,834 INFO [openevolve_sap.experiment] [worker_0] evaluation_complete {"run_id": "1780049426_77836521", "program_id": "tmpjxtqx353", "alignment_score": 3.3333333333333335, "gemma_score": 5.0, "combined_score": 0.7333333333333334, "num_eval_prompts": 3}
2026-05-29 13:14:14,375 INFO [openevolve_sap.experiment] [worker_1] evaluation_started {"run_id": "1780049654_bcb5351d", "program_path": "/tmp/tmpakpxvugb.py", "mode": "evaluation", "prompt_indices": null}
2026-05-29 13:14:24,627 INFO [openevolve_sap.experiment] [worker_3] evaluation_started {"run_id": "1780049664_4ca8567a", "program_path": "/tmp/tmptdx35imx.py", "mode": "evaluation", "prompt_indices": null}
2026-05-29 13:14:47,237 INFO [openevolve_sap.experiment] [worker_0] evaluation_started {"run_id": "1780049687_ceaf2eb7", "program_path": "/tmp/tmpy0r262fc.py", "mode": "evaluation", "prompt_indices": null}
2026-05-29 13:14:48,602 INFO [openevolve_sap.experiment] [worker_2] evaluation_started {"run_id": "1780049688_78446668", "program_path": "/tmp/tmp9svx8wup.py", "mode": "evaluation", "prompt_indices": null}
2026-05-29 13:17:44,864 INFO [openevolve_sap.experiment] [worker_1] evaluation_complete {"run_id": "1780049654_bcb5351d", "program_id": "tmpakpxvugb", "alignment_score": 3.0, "gemma_score": 5.0, "combined_score": 0.6799999999999999, "num_eval_prompts": 3}
2026-05-29 13:18:20,221 INFO [openevolve_sap.experiment] [worker_0] evaluation_complete {"run_id": "1780049687_ceaf2eb7", "program_id": "tmpy0r262fc", "alignment_score": 2.6666666666666665, "gemma_score": 5.0, "combined_score": 0.6266666666666667, "num_eval_prompts": 3}
2026-05-29 13:18:21,240 INFO [openevolve_sap.experiment] [worker_3] evaluation_complete {"run_id": "1780049664_4ca8567a", "program_id": "tmptdx35imx", "alignment_score": 5.0, "gemma_score": 5.0, "combined_score": 1.0, "num_eval_prompts": 3}
2026-05-29 13:18:30,661 INFO [openevolve_sap.experiment] [worker_1] evaluation_started {"run_id": "1780049910_7d9f662d", "program_path": "/tmp/tmp22ovpkgy.py", "mode": "evaluation", "prompt_indices": null}
2026-05-29 13:19:07,440 INFO [openevolve_sap.experiment] [worker_0] evaluation_started {"run_id": "1780049947_f1f6799b", "program_path": "/tmp/tmp6z_gvb2m.py", "mode": "evaluation", "prompt_indices": null}
2026-05-29 13:19:26,475 INFO [openevolve_sap.experiment] [worker_3] evaluation_started {"run_id": "1780049966_cdae91f1", "program_path": "/tmp/tmp6_oa19he.py", "mode": "evaluation", "prompt_indices": null}
2026-05-29 13:20:16,350 INFO [openevolve_sap.experiment] [worker_2] evaluation_complete {"run_id": "1780049688_78446668", "program_id": "tmp9svx8wup", "alignment_score": 4.0, "gemma_score": 5.0, "combined_score": 0.8400000000000001, "num_eval_prompts": 3}
2026-05-29 13:21:03,278 INFO [openevolve_sap.experiment] [worker_2] evaluation_started {"run_id": "1780050063_2da3a767", "program_path": "/tmp/tmpd8o6fu3n.py", "mode": "evaluation", "prompt_indices": null}
2026-05-29 13:22:25,357 INFO [openevolve_sap.experiment] [worker_1] evaluation_complete {"run_id": "1780049910_7d9f662d", "program_id": "tmp22ovpkgy", "alignment_score": 1.0, "gemma_score": 5.0, "combined_score": 0.36000000000000004, "num_eval_prompts": 3}
2026-05-29 13:22:47,521 INFO [openevolve_sap.experiment] [worker_0] evaluation_complete {"run_id": "1780049947_f1f6799b", "program_id": "tmp6z_gvb2m", "alignment_score": 4.0, "gemma_score": 1.0, "combined_score": 0.6800000000000002, "num_eval_prompts": 3}
2026-05-29 13:23:16,556 INFO [openevolve_sap.experiment] [worker_1] evaluation_started {"run_id": "1780050196_00ab8699", "program_path": "/tmp/tmpxp6dmw1l.py", "mode": "evaluation", "prompt_indices": null}
2026-05-29 13:23:30,248 INFO [openevolve_sap.experiment] [worker_0] evaluation_started {"run_id": "1780050210_f0cd2dc7", "program_path": "/tmp/tmpqf7rucs1.py", "mode": "evaluation", "prompt_indices": null}
2026-05-29 13:25:07,492 INFO [openevolve_sap.experiment] [worker_3] evaluation_complete {"run_id": "1780049966_cdae91f1", "program_id": "tmp6_oa19he", "alignment_score": 1.6666666666666667, "gemma_score": 1.0, "combined_score": 0.30666666666666675, "num_eval_prompts": 3}
2026-05-29 13:26:11,829 INFO [openevolve_sap.experiment] [worker_3] evaluation_started {"run_id": "1780050371_267fe97c", "program_path": "/tmp/tmpg0aokgwj.py", "mode": "evaluation", "prompt_indices": null}
2026-05-29 13:27:23,184 INFO [openevolve_sap.experiment] [worker_2] evaluation_complete {"run_id": "1780050063_2da3a767", "program_id": "tmpd8o6fu3n", "alignment_score": 2.6666666666666665, "gemma_score": 1.0, "combined_score": 0.4666666666666667, "num_eval_prompts": 3}
2026-05-29 13:27:34,489 INFO [openevolve_sap.experiment] [worker_0] evaluation_complete {"run_id": "1780050210_f0cd2dc7", "program_id": "tmpqf7rucs1", "alignment_score": 3.3333333333333335, "gemma_score": 1.0, "combined_score": 0.5733333333333335, "num_eval_prompts": 3}
2026-05-29 13:28:06,449 INFO [openevolve_sap.experiment] [worker_2] evaluation_started {"run_id": "1780050486_54816db5", "program_path": "/tmp/tmp8mjbpnb9.py", "mode": "evaluation", "prompt_indices": null}
2026-05-29 13:28:29,777 INFO [openevolve_sap.experiment] [worker_0] evaluation_started {"run_id": "1780050509_9b47728c", "program_path": "/tmp/tmpzmh8661k.py", "mode": "evaluation", "prompt_indices": null}
2026-05-29 13:29:03,779 INFO [openevolve_sap.experiment] [worker_1] evaluation_complete {"run_id": "1780050196_00ab8699", "program_id": "tmpxp6dmw1l", "alignment_score": 3.6666666666666665, "gemma_score": 1.0, "combined_score": 0.6266666666666667, "num_eval_prompts": 3}
2026-05-29 13:29:40,867 INFO [openevolve_sap.experiment] [worker_3] evaluation_complete {"run_id": "1780050371_267fe97c", "program_id": "tmpg0aokgwj", "alignment_score": 2.6666666666666665, "gemma_score": 5.0, "combined_score": 0.6266666666666667, "num_eval_prompts": 3}
2026-05-29 13:30:16,514 INFO [openevolve_sap.experiment] [worker_1] evaluation_started {"run_id": "1780050616_4216e445", "program_path": "/tmp/tmpftpd2fx_.py", "mode": "evaluation", "prompt_indices": null}
2026-05-29 13:30:21,289 INFO [openevolve_sap.experiment] [worker_3] evaluation_started {"run_id": "1780050621_b5365a7a", "program_path": "/tmp/tmpyx5tjp5h.py", "mode": "evaluation", "prompt_indices": null}
2026-05-29 13:32:41,510 INFO [openevolve_sap.experiment] [worker_0] evaluation_complete {"run_id": "1780050509_9b47728c", "program_id": "tmpzmh8661k", "alignment_score": 3.0, "gemma_score": 1.0, "combined_score": 0.52, "num_eval_prompts": 3}
2026-05-29 13:33:06,828 INFO [openevolve_sap.experiment] [scheduler] experiment_complete {"metrics": {"alignment_score": 5.0, "gemma_score": 5.0, "combined_score": 1.0, "num_eval_prompts": 3.0}}
