2026-05-22 11:47:42,896 INFO [openevolve_sap.experiment] [scheduler] experiment_start {"gpu_ids": [0, 1, 2, 3], "output": "/home/ubuntu/evolve_SAP/openevolve_sap/output", "ram_limit_gb": 94.34095001220703, "system_ram_gb": 125.78793334960938}
2026-05-22 11:48:02,558 INFO [openevolve_sap.experiment] [worker_unknown] evaluation_started {"run_id": "1779439682_badb255f", "program_path": "/tmp/tmpiepn5v4j.py", "mode": "evaluation"}
2026-05-22 11:54:06,605 INFO [openevolve_sap.experiment] [worker_unknown] evaluation_complete {"run_id": "1779439682_badb255f", "program_id": "tmpiepn5v4j", "alignment_score": 1.3333333333333333, "gemma_score": 1.0, "combined_score": 0.25333333333333335, "num_eval_prompts": 3}
2026-05-22 11:54:55,632 INFO [openevolve_sap.experiment] [worker_2] evaluation_started {"run_id": "1779440095_0c22c679", "program_path": "/tmp/tmpwhf7as6_.py", "mode": "evaluation"}
2026-05-22 11:55:01,324 INFO [openevolve_sap.experiment] [worker_3] evaluation_started {"run_id": "1779440101_707e8cd5", "program_path": "/tmp/tmpa_5ki8nu.py", "mode": "evaluation"}
2026-05-22 11:55:01,784 INFO [openevolve_sap.experiment] [worker_1] evaluation_started {"run_id": "1779440101_8137e9d0", "program_path": "/tmp/tmpkdmm28em.py", "mode": "evaluation"}
2026-05-22 11:55:03,266 INFO [openevolve_sap.experiment] [worker_0] evaluation_started {"run_id": "1779440103_fd0cacc8", "program_path": "/tmp/tmpcs1dp0gg.py", "mode": "evaluation"}
2026-05-22 11:58:40,388 INFO [openevolve_sap.experiment] [worker_2] evaluation_complete {"run_id": "1779440095_0c22c679", "program_id": "tmpwhf7as6_", "alignment_score": 1.6666666666666667, "gemma_score": 5.0, "combined_score": 0.46666666666666673, "num_eval_prompts": 3}
2026-05-22 11:58:55,401 INFO [openevolve_sap.experiment] [worker_3] evaluation_complete {"run_id": "1779440101_707e8cd5", "program_id": "tmpa_5ki8nu", "alignment_score": 2.0, "gemma_score": 5.0, "combined_score": 0.52, "num_eval_prompts": 3}
2026-05-22 11:59:05,248 INFO [openevolve_sap.experiment] [worker_3] evaluation_started {"run_id": "1779440345_8b61c177", "program_path": "/tmp/tmpt7yorq1s.py", "mode": "evaluation"}
2026-05-22 11:59:22,153 INFO [openevolve_sap.experiment] [worker_0] evaluation_complete {"run_id": "1779440103_fd0cacc8", "program_id": "tmpcs1dp0gg", "alignment_score": 3.3333333333333335, "gemma_score": 5.0, "combined_score": 0.7333333333333334, "num_eval_prompts": 3}
2026-05-22 11:59:44,394 INFO [openevolve_sap.experiment] [worker_2] evaluation_started {"run_id": "1779440384_b9227639", "program_path": "/tmp/tmpza8qx0rb.py", "mode": "evaluation"}
2026-05-22 12:00:19,878 INFO [openevolve_sap.experiment] [worker_1] evaluation_complete {"run_id": "1779440101_8137e9d0", "program_id": "tmpkdmm28em", "alignment_score": 1.6666666666666667, "gemma_score": 1.0, "combined_score": 0.30666666666666675, "num_eval_prompts": 3}
2026-05-22 12:00:41,233 INFO [openevolve_sap.experiment] [worker_0] evaluation_started {"run_id": "1779440441_f3a75974", "program_path": "/tmp/tmpo314up62.py", "mode": "evaluation"}
2026-05-22 12:01:05,903 INFO [openevolve_sap.experiment] [worker_1] evaluation_started {"run_id": "1779440465_87838fff", "program_path": "/tmp/tmpitbdtxk5.py", "mode": "evaluation"}
2026-05-22 12:03:36,208 INFO [openevolve_sap.experiment] [worker_3] evaluation_complete {"run_id": "1779440345_8b61c177", "program_id": "tmpt7yorq1s", "alignment_score": 3.3333333333333335, "gemma_score": 1.0, "combined_score": 0.5733333333333335, "num_eval_prompts": 3}
2026-05-22 12:03:47,868 INFO [openevolve_sap.experiment] [worker_3] evaluation_started {"run_id": "1779440627_3ea234d7", "program_path": "/tmp/tmpczyb4rvn.py", "mode": "evaluation"}
2026-05-22 12:04:24,918 INFO [openevolve_sap.experiment] [worker_0] evaluation_complete {"run_id": "1779440441_f3a75974", "program_id": "tmpo314up62", "alignment_score": 3.3333333333333335, "gemma_score": 5.0, "combined_score": 0.7333333333333334, "num_eval_prompts": 3}
2026-05-22 12:04:38,357 INFO [openevolve_sap.experiment] [worker_0] evaluation_started {"run_id": "1779440678_6223a310", "program_path": "/tmp/tmpil448wh1.py", "mode": "evaluation"}
2026-05-22 12:05:02,772 INFO [openevolve_sap.experiment] [worker_2] evaluation_complete {"run_id": "1779440384_b9227639", "program_id": "tmpza8qx0rb", "alignment_score": 2.0, "gemma_score": 5.0, "combined_score": 0.52, "num_eval_prompts": 3}
2026-05-22 12:05:18,300 INFO [openevolve_sap.experiment] [worker_2] evaluation_started {"run_id": "1779440718_c406f480", "program_path": "/tmp/tmpo5yk2kz0.py", "mode": "evaluation"}
2026-05-22 12:06:15,613 INFO [openevolve_sap.experiment] [worker_1] evaluation_complete {"run_id": "1779440465_87838fff", "program_id": "tmpitbdtxk5", "alignment_score": 3.6666666666666665, "gemma_score": 1.0, "combined_score": 0.6266666666666667, "num_eval_prompts": 3}
2026-05-22 12:06:29,706 INFO [openevolve_sap.experiment] [worker_1] evaluation_started {"run_id": "1779440789_90dc2722", "program_path": "/tmp/tmpmd2_gsgb.py", "mode": "evaluation"}
2026-05-22 12:07:41,554 INFO [openevolve_sap.experiment] [worker_3] evaluation_complete {"run_id": "1779440627_3ea234d7", "program_id": "tmpczyb4rvn", "alignment_score": 2.6666666666666665, "gemma_score": 5.0, "combined_score": 0.6266666666666667, "num_eval_prompts": 3}
2026-05-22 12:08:07,129 INFO [openevolve_sap.experiment] [worker_3] evaluation_started {"run_id": "1779440887_4d51f36f", "program_path": "/tmp/tmped0z2dve.py", "mode": "evaluation"}
2026-05-22 12:08:38,934 INFO [openevolve_sap.experiment] [worker_0] evaluation_complete {"run_id": "1779440678_6223a310", "program_id": "tmpil448wh1", "alignment_score": 3.3333333333333335, "gemma_score": 5.0, "combined_score": 0.7333333333333334, "num_eval_prompts": 3}
2026-05-22 12:08:54,514 INFO [openevolve_sap.experiment] [worker_0] evaluation_started {"run_id": "1779440934_7298265a", "program_path": "/tmp/tmp6ddp2d_j.py", "mode": "evaluation"}
2026-05-22 12:09:59,450 INFO [openevolve_sap.experiment] [worker_2] evaluation_complete {"run_id": "1779440718_c406f480", "program_id": "tmpo5yk2kz0", "alignment_score": 3.0, "gemma_score": 5.0, "combined_score": 0.6799999999999999, "num_eval_prompts": 3}
2026-05-22 12:10:16,956 INFO [openevolve_sap.experiment] [worker_2] evaluation_started {"run_id": "1779441016_0c7e974b", "program_path": "/tmp/tmp3251vhvd.py", "mode": "evaluation"}
2026-05-22 12:11:33,278 INFO [openevolve_sap.experiment] [worker_1] evaluation_complete {"run_id": "1779440789_90dc2722", "program_id": "tmpmd2_gsgb", "alignment_score": 2.0, "gemma_score": 1.0, "combined_score": 0.3600000000000001, "num_eval_prompts": 3}
2026-05-22 12:11:46,642 INFO [openevolve_sap.experiment] [worker_1] evaluation_started {"run_id": "1779441106_1b6f5b5e", "program_path": "/tmp/tmp4s0kqvbp.py", "mode": "evaluation"}
2026-05-22 12:12:52,352 INFO [openevolve_sap.experiment] [worker_3] evaluation_complete {"run_id": "1779440887_4d51f36f", "program_id": "tmped0z2dve", "alignment_score": 3.0, "gemma_score": 1.0, "combined_score": 0.52, "num_eval_prompts": 3}
2026-05-22 12:13:03,601 INFO [openevolve_sap.experiment] [worker_0] evaluation_complete {"run_id": "1779440934_7298265a", "program_id": "tmp6ddp2d_j", "alignment_score": 3.3333333333333335, "gemma_score": 5.0, "combined_score": 0.7333333333333334, "num_eval_prompts": 3}
2026-05-22 12:13:04,764 INFO [openevolve_sap.experiment] [worker_3] evaluation_started {"run_id": "1779441184_5d8c55a6", "program_path": "/tmp/tmp363b3ol0.py", "mode": "evaluation"}
2026-05-22 12:13:17,965 INFO [openevolve_sap.experiment] [worker_0] evaluation_started {"run_id": "1779441197_6e25da21", "program_path": "/tmp/tmpw620oly0.py", "mode": "evaluation"}
2026-05-22 12:15:24,364 INFO [openevolve_sap.experiment] [worker_2] evaluation_complete {"run_id": "1779441016_0c7e974b", "program_id": "tmp3251vhvd", "alignment_score": 2.0, "gemma_score": 5.0, "combined_score": 0.52, "num_eval_prompts": 3}
2026-05-22 12:15:36,864 INFO [openevolve_sap.experiment] [worker_2] evaluation_started {"run_id": "1779441336_b2a44506", "program_path": "/tmp/tmp35hbj6n_.py", "mode": "evaluation"}
2026-05-22 12:16:16,223 INFO [openevolve_sap.experiment] [worker_1] evaluation_complete {"run_id": "1779441106_1b6f5b5e", "program_id": "tmp4s0kqvbp", "alignment_score": 3.0, "gemma_score": 5.0, "combined_score": 0.6799999999999999, "num_eval_prompts": 3}
2026-05-22 12:16:27,273 INFO [openevolve_sap.experiment] [worker_1] evaluation_started {"run_id": "1779441387_6afa6b3d", "program_path": "/tmp/tmpr8j45a_6.py", "mode": "evaluation"}
2026-05-22 12:16:57,756 INFO [openevolve_sap.experiment] [worker_3] evaluation_complete {"run_id": "1779441184_5d8c55a6", "program_id": "tmp363b3ol0", "alignment_score": 3.0, "gemma_score": 5.0, "combined_score": 0.6799999999999999, "num_eval_prompts": 3}
2026-05-22 12:17:14,469 INFO [openevolve_sap.experiment] [worker_3] evaluation_started {"run_id": "1779441434_56df82d9", "program_path": "/tmp/tmpy21noh1f.py", "mode": "evaluation"}
2026-05-22 12:17:17,450 INFO [openevolve_sap.experiment] [worker_0] evaluation_complete {"run_id": "1779441197_6e25da21", "program_id": "tmpw620oly0", "alignment_score": 1.3333333333333333, "gemma_score": 5.0, "combined_score": 0.41333333333333333, "num_eval_prompts": 3}
2026-05-22 12:17:29,721 INFO [openevolve_sap.experiment] [worker_0] evaluation_started {"run_id": "1779441449_a12c5594", "program_path": "/tmp/tmpueismu2u.py", "mode": "evaluation"}
2026-05-22 12:20:10,829 INFO [openevolve_sap.experiment] [worker_1] evaluation_complete {"run_id": "1779441387_6afa6b3d", "program_id": "tmpr8j45a_6", "alignment_score": 1.6666666666666667, "gemma_score": 5.0, "combined_score": 0.46666666666666673, "num_eval_prompts": 3}
2026-05-22 12:20:17,581 INFO [openevolve_sap.experiment] [worker_2] evaluation_complete {"run_id": "1779441336_b2a44506", "program_id": "tmp35hbj6n_", "alignment_score": 2.0, "gemma_score": 5.0, "combined_score": 0.52, "num_eval_prompts": 3}
2026-05-22 12:20:28,502 INFO [openevolve_sap.experiment] [worker_1] evaluation_started {"run_id": "1779441628_5a5362ac", "program_path": "/tmp/tmp7ipwm8b_.py", "mode": "evaluation"}
2026-05-22 12:20:33,501 INFO [openevolve_sap.experiment] [worker_2] evaluation_started {"run_id": "1779441633_3db70395", "program_path": "/tmp/tmp7qilitgq.py", "mode": "evaluation"}
2026-05-22 12:21:10,773 INFO [openevolve_sap.experiment] [worker_0] evaluation_complete {"run_id": "1779441449_a12c5594", "program_id": "tmpueismu2u", "alignment_score": 3.0, "gemma_score": 5.0, "combined_score": 0.6799999999999999, "num_eval_prompts": 3}
2026-05-22 12:21:17,289 INFO [openevolve_sap.experiment] [worker_3] evaluation_complete {"run_id": "1779441434_56df82d9", "program_id": "tmpy21noh1f", "alignment_score": 3.0, "gemma_score": 1.0, "combined_score": 0.52, "num_eval_prompts": 3}
2026-05-22 12:21:20,607 INFO [openevolve_sap.experiment] [worker_0] evaluation_started {"run_id": "1779441680_7e896c55", "program_path": "/tmp/tmpvosobej3.py", "mode": "evaluation"}
2026-05-22 12:21:32,860 INFO [openevolve_sap.experiment] [worker_3] evaluation_started {"run_id": "1779441692_ad8eb0d2", "program_path": "/tmp/tmpw1z64au_.py", "mode": "evaluation"}
2026-05-22 12:24:10,376 INFO [openevolve_sap.experiment] [worker_1] evaluation_complete {"run_id": "1779441628_5a5362ac", "program_id": "tmp7ipwm8b_", "alignment_score": 2.0, "gemma_score": 1.0, "combined_score": 0.3600000000000001, "num_eval_prompts": 3}
2026-05-22 12:24:25,791 INFO [openevolve_sap.experiment] [worker_2] evaluation_complete {"run_id": "1779441633_3db70395", "program_id": "tmp7qilitgq", "alignment_score": 3.0, "gemma_score": 1.0, "combined_score": 0.52, "num_eval_prompts": 3}
2026-05-22 12:24:26,597 INFO [openevolve_sap.experiment] [worker_1] evaluation_started {"run_id": "1779441866_302a964a", "program_path": "/tmp/tmphc6jt5ja.py", "mode": "evaluation"}
2026-05-22 12:24:39,644 INFO [openevolve_sap.experiment] [worker_2] evaluation_started {"run_id": "1779441879_71266e70", "program_path": "/tmp/tmpiel28h9a.py", "mode": "evaluation"}
2026-05-22 12:24:56,691 INFO [openevolve_sap.experiment] [worker_0] evaluation_complete {"run_id": "1779441680_7e896c55", "program_id": "tmpvosobej3", "alignment_score": 2.3333333333333335, "gemma_score": 5.0, "combined_score": 0.5733333333333334, "num_eval_prompts": 3}
2026-05-22 12:25:09,023 INFO [openevolve_sap.experiment] [worker_0] evaluation_started {"run_id": "1779441909_1bf902f8", "program_path": "/tmp/tmps599rqj1.py", "mode": "evaluation"}
2026-05-22 12:25:19,398 INFO [openevolve_sap.experiment] [worker_3] evaluation_complete {"run_id": "1779441692_ad8eb0d2", "program_id": "tmpw1z64au_", "alignment_score": 3.0, "gemma_score": 5.0, "combined_score": 0.6799999999999999, "num_eval_prompts": 3}
2026-05-22 12:25:39,207 INFO [openevolve_sap.experiment] [worker_3] evaluation_started {"run_id": "1779441939_b39c30e5", "program_path": "/tmp/tmpue0d3u7j.py", "mode": "evaluation"}
2026-05-22 12:28:02,916 INFO [openevolve_sap.experiment] [worker_1] evaluation_complete {"run_id": "1779441866_302a964a", "program_id": "tmphc6jt5ja", "alignment_score": 3.0, "gemma_score": 1.0, "combined_score": 0.52, "num_eval_prompts": 3}
2026-05-22 12:28:26,427 INFO [openevolve_sap.experiment] [worker_1] evaluation_started {"run_id": "1779442106_fe028259", "program_path": "/tmp/tmpip1mxeat.py", "mode": "evaluation"}
2026-05-22 12:28:41,968 INFO [openevolve_sap.experiment] [worker_2] evaluation_complete {"run_id": "1779441879_71266e70", "program_id": "tmpiel28h9a", "alignment_score": 3.3333333333333335, "gemma_score": 5.0, "combined_score": 0.7333333333333334, "num_eval_prompts": 3}
2026-05-22 12:28:53,244 INFO [openevolve_sap.experiment] [worker_2] evaluation_started {"run_id": "1779442133_3e740a8c", "program_path": "/tmp/tmpkp9zoq38.py", "mode": "evaluation"}
2026-05-22 12:29:19,823 INFO [openevolve_sap.experiment] [worker_0] evaluation_complete {"run_id": "1779441909_1bf902f8", "program_id": "tmps599rqj1", "alignment_score": 1.6666666666666667, "gemma_score": 5.0, "combined_score": 0.46666666666666673, "num_eval_prompts": 3}
2026-05-22 12:29:27,294 INFO [openevolve_sap.experiment] [worker_3] evaluation_complete {"run_id": "1779441939_b39c30e5", "program_id": "tmpue0d3u7j", "alignment_score": 3.0, "gemma_score": 1.0, "combined_score": 0.52, "num_eval_prompts": 3}
2026-05-22 12:29:34,317 INFO [openevolve_sap.experiment] [worker_0] evaluation_started {"run_id": "1779442174_855848a3", "program_path": "/tmp/tmpbbdoov9s.py", "mode": "evaluation"}
2026-05-22 12:29:44,419 INFO [openevolve_sap.experiment] [worker_3] evaluation_started {"run_id": "1779442184_c8e87497", "program_path": "/tmp/tmp6zltfic1.py", "mode": "evaluation"}
2026-05-22 12:31:50,993 INFO [openevolve_sap.experiment] [worker_1] evaluation_complete {"run_id": "1779442106_fe028259", "program_id": "tmpip1mxeat", "alignment_score": 2.6666666666666665, "gemma_score": 5.0, "combined_score": 0.6266666666666667, "num_eval_prompts": 3}
2026-05-22 12:32:07,626 INFO [openevolve_sap.experiment] [worker_1] evaluation_started {"run_id": "1779442327_ac81df25", "program_path": "/tmp/tmpeow8k9b4.py", "mode": "evaluation"}
2026-05-22 12:32:39,499 INFO [openevolve_sap.experiment] [worker_2] evaluation_complete {"run_id": "1779442133_3e740a8c", "program_id": "tmpkp9zoq38", "alignment_score": 3.3333333333333335, "gemma_score": 5.0, "combined_score": 0.7333333333333334, "num_eval_prompts": 3}
2026-05-22 12:32:56,518 INFO [openevolve_sap.experiment] [worker_2] evaluation_started {"run_id": "1779442376_2147d39e", "program_path": "/tmp/tmpsw6uoqec.py", "mode": "evaluation"}
2026-05-22 12:33:44,448 INFO [openevolve_sap.experiment] [worker_3] evaluation_complete {"run_id": "1779442184_c8e87497", "program_id": "tmp6zltfic1", "alignment_score": 3.0, "gemma_score": 5.0, "combined_score": 0.6799999999999999, "num_eval_prompts": 3}
2026-05-22 12:34:00,498 INFO [openevolve_sap.experiment] [worker_3] evaluation_started {"run_id": "1779442440_d4e3234f", "program_path": "/tmp/tmppz2afs9k.py", "mode": "evaluation"}
2026-05-22 12:34:45,196 INFO [openevolve_sap.experiment] [worker_0] evaluation_complete {"run_id": "1779442174_855848a3", "program_id": "tmpbbdoov9s", "alignment_score": 2.6666666666666665, "gemma_score": 5.0, "combined_score": 0.6266666666666667, "num_eval_prompts": 3}
2026-05-22 12:34:59,929 INFO [openevolve_sap.experiment] [worker_0] evaluation_started {"run_id": "1779442499_25b8fb92", "program_path": "/tmp/tmpyjocld1b.py", "mode": "evaluation"}
2026-05-22 12:36:42,624 INFO [openevolve_sap.experiment] [worker_2] evaluation_complete {"run_id": "1779442376_2147d39e", "program_id": "tmpsw6uoqec", "alignment_score": 2.3333333333333335, "gemma_score": 5.0, "combined_score": 0.5733333333333334, "num_eval_prompts": 3}
2026-05-22 12:36:55,908 INFO [openevolve_sap.experiment] [worker_1] evaluation_complete {"run_id": "1779442327_ac81df25", "program_id": "tmpeow8k9b4", "alignment_score": 3.0, "gemma_score": 1.0, "combined_score": 0.52, "num_eval_prompts": 3}
2026-05-22 12:37:03,888 INFO [openevolve_sap.experiment] [worker_2] evaluation_started {"run_id": "1779442623_46e7a997", "program_path": "/tmp/tmp79c34vi0.py", "mode": "evaluation"}
2026-05-22 12:37:15,175 INFO [openevolve_sap.experiment] [worker_1] evaluation_started {"run_id": "1779442635_807e96f6", "program_path": "/tmp/tmpcpxb2dok.py", "mode": "evaluation"}
2026-05-22 12:38:23,152 INFO [openevolve_sap.experiment] [worker_3] evaluation_complete {"run_id": "1779442440_d4e3234f", "program_id": "tmppz2afs9k", "alignment_score": 2.6666666666666665, "gemma_score": 1.0, "combined_score": 0.4666666666666667, "num_eval_prompts": 3}
2026-05-22 12:38:51,601 INFO [openevolve_sap.experiment] [worker_3] evaluation_started {"run_id": "1779442731_215fdb36", "program_path": "/tmp/tmppskjyocg.py", "mode": "evaluation"}
2026-05-22 12:39:52,306 INFO [openevolve_sap.experiment] [scheduler] experiment_complete {"metrics": {"alignment_score": 3.3333333333333335, "gemma_score": 5.0, "combined_score": 0.7333333333333334, "num_eval_prompts": 3.0}}
